<?xml version="1.0" encoding="ISO-8859-1" ?>
<link_info>
   <banner>MSP430 Linker Unix v21.6.1.LTS</banner>
   <copyright>Copyright (c) 2003-2018 Texas Instruments Incorporated</copyright>
   <link_time>0x66d62339</link_time>
   <link_errors>0x0</link_errors>
   <output_file>Lab2_P1.out</output_file>
   <entry_point>
      <name>_c_int00_noargs</name>
      <address>0x4400</address>
   </entry_point>
   <input_file_list>
      <input_file id="fl-1">
         <path>./</path>
         <kind>object</kind>
         <file>main.obj</file>
         <name>main.obj</name>
      </input_file>
      <input_file id="fl-7">
         <kind>object</kind>
         <file>&lt;internal&gt;</file>
         <name>&lt;internal&gt;</name>
      </input_file>
      <input_file id="fl-22">
         <path>/Applications/ti/ccs1280/ccs/tools/compiler/ti-cgt-msp430_21.6.1.LTS/lib/</path>
         <kind>archive</kind>
         <file>rts430x_lc_rd_eabi.lib</file>
         <name>printf.c.obj</name>
      </input_file>
      <input_file id="fl-23">
         <path>/Applications/ti/ccs1280/ccs/tools/compiler/ti-cgt-msp430_21.6.1.LTS/lib/</path>
         <kind>archive</kind>
         <file>rts430x_lc_rd_eabi.lib</file>
         <name>_printfi.c.obj</name>
      </input_file>
      <input_file id="fl-24">
         <path>/Applications/ti/ccs1280/ccs/tools/compiler/ti-cgt-msp430_21.6.1.LTS/lib/</path>
         <kind>archive</kind>
         <file>rts430x_lc_rd_eabi.lib</file>
         <name>fputc.c.obj</name>
      </input_file>
      <input_file id="fl-25">
         <path>/Applications/ti/ccs1280/ccs/tools/compiler/ti-cgt-msp430_21.6.1.LTS/lib/</path>
         <kind>archive</kind>
         <file>rts430x_lc_rd_eabi.lib</file>
         <name>fputs.c.obj</name>
      </input_file>
      <input_file id="fl-26">
         <path>/Applications/ti/ccs1280/ccs/tools/compiler/ti-cgt-msp430_21.6.1.LTS/lib/</path>
         <kind>archive</kind>
         <file>rts430x_lc_rd_eabi.lib</file>
         <name>_io_perm.c.obj</name>
      </input_file>
      <input_file id="fl-27">
         <path>/Applications/ti/ccs1280/ccs/tools/compiler/ti-cgt-msp430_21.6.1.LTS/lib/</path>
         <kind>archive</kind>
         <file>rts430x_lc_rd_eabi.lib</file>
         <name>setvbuf.c.obj</name>
      </input_file>
      <input_file id="fl-28">
         <path>/Applications/ti/ccs1280/ccs/tools/compiler/ti-cgt-msp430_21.6.1.LTS/lib/</path>
         <kind>archive</kind>
         <file>rts430x_lc_rd_eabi.lib</file>
         <name>s_frexp.c.obj</name>
      </input_file>
      <input_file id="fl-29">
         <path>/Applications/ti/ccs1280/ccs/tools/compiler/ti-cgt-msp430_21.6.1.LTS/lib/</path>
         <kind>archive</kind>
         <file>rts430x_lc_rd_eabi.lib</file>
         <name>s_scalbn.c.obj</name>
      </input_file>
      <input_file id="fl-2a">
         <path>/Applications/ti/ccs1280/ccs/tools/compiler/ti-cgt-msp430_21.6.1.LTS/lib/</path>
         <kind>archive</kind>
         <file>rts430x_lc_rd_eabi.lib</file>
         <name>s_copysign.c.obj</name>
      </input_file>
      <input_file id="fl-2b">
         <path>/Applications/ti/ccs1280/ccs/tools/compiler/ti-cgt-msp430_21.6.1.LTS/lib/</path>
         <kind>archive</kind>
         <file>rts430x_lc_rd_eabi.lib</file>
         <name>wcslen.c.obj</name>
      </input_file>
      <input_file id="fl-2c">
         <path>/Applications/ti/ccs1280/ccs/tools/compiler/ti-cgt-msp430_21.6.1.LTS/lib/</path>
         <kind>archive</kind>
         <file>rts430x_lc_rd_eabi.lib</file>
         <name>div16u.asm.obj</name>
      </input_file>
      <input_file id="fl-2d">
         <path>/Applications/ti/ccs1280/ccs/tools/compiler/ti-cgt-msp430_21.6.1.LTS/lib/</path>
         <kind>archive</kind>
         <file>rts430x_lc_rd_eabi.lib</file>
         <name>div32u.asm.obj</name>
      </input_file>
      <input_file id="fl-2e">
         <path>/Applications/ti/ccs1280/ccs/tools/compiler/ti-cgt-msp430_21.6.1.LTS/lib/</path>
         <kind>archive</kind>
         <file>rts430x_lc_rd_eabi.lib</file>
         <name>int41.asm.obj</name>
      </input_file>
      <input_file id="fl-2f">
         <path>/Applications/ti/ccs1280/ccs/tools/compiler/ti-cgt-msp430_21.6.1.LTS/lib/</path>
         <kind>archive</kind>
         <file>rts430x_lc_rd_eabi.lib</file>
         <name>int42.asm.obj</name>
      </input_file>
      <input_file id="fl-30">
         <path>/Applications/ti/ccs1280/ccs/tools/compiler/ti-cgt-msp430_21.6.1.LTS/lib/</path>
         <kind>archive</kind>
         <file>rts430x_lc_rd_eabi.lib</file>
         <name>int43.asm.obj</name>
      </input_file>
      <input_file id="fl-31">
         <path>/Applications/ti/ccs1280/ccs/tools/compiler/ti-cgt-msp430_21.6.1.LTS/lib/</path>
         <kind>archive</kind>
         <file>rts430x_lc_rd_eabi.lib</file>
         <name>int44.asm.obj</name>
      </input_file>
      <input_file id="fl-32">
         <path>/Applications/ti/ccs1280/ccs/tools/compiler/ti-cgt-msp430_21.6.1.LTS/lib/</path>
         <kind>archive</kind>
         <file>rts430x_lc_rd_eabi.lib</file>
         <name>int45.asm.obj</name>
      </input_file>
      <input_file id="fl-33">
         <path>/Applications/ti/ccs1280/ccs/tools/compiler/ti-cgt-msp430_21.6.1.LTS/lib/</path>
         <kind>archive</kind>
         <file>rts430x_lc_rd_eabi.lib</file>
         <name>int46.asm.obj</name>
      </input_file>
      <input_file id="fl-34">
         <path>/Applications/ti/ccs1280/ccs/tools/compiler/ti-cgt-msp430_21.6.1.LTS/lib/</path>
         <kind>archive</kind>
         <file>rts430x_lc_rd_eabi.lib</file>
         <name>int47.asm.obj</name>
      </input_file>
      <input_file id="fl-35">
         <path>/Applications/ti/ccs1280/ccs/tools/compiler/ti-cgt-msp430_21.6.1.LTS/lib/</path>
         <kind>archive</kind>
         <file>rts430x_lc_rd_eabi.lib</file>
         <name>int48.asm.obj</name>
      </input_file>
      <input_file id="fl-36">
         <path>/Applications/ti/ccs1280/ccs/tools/compiler/ti-cgt-msp430_21.6.1.LTS/lib/</path>
         <kind>archive</kind>
         <file>rts430x_lc_rd_eabi.lib</file>
         <name>int49.asm.obj</name>
      </input_file>
      <input_file id="fl-37">
         <path>/Applications/ti/ccs1280/ccs/tools/compiler/ti-cgt-msp430_21.6.1.LTS/lib/</path>
         <kind>archive</kind>
         <file>rts430x_lc_rd_eabi.lib</file>
         <name>int50.asm.obj</name>
      </input_file>
      <input_file id="fl-38">
         <path>/Applications/ti/ccs1280/ccs/tools/compiler/ti-cgt-msp430_21.6.1.LTS/lib/</path>
         <kind>archive</kind>
         <file>rts430x_lc_rd_eabi.lib</file>
         <name>int51.asm.obj</name>
      </input_file>
      <input_file id="fl-39">
         <path>/Applications/ti/ccs1280/ccs/tools/compiler/ti-cgt-msp430_21.6.1.LTS/lib/</path>
         <kind>archive</kind>
         <file>rts430x_lc_rd_eabi.lib</file>
         <name>int52.asm.obj</name>
      </input_file>
      <input_file id="fl-3a">
         <path>/Applications/ti/ccs1280/ccs/tools/compiler/ti-cgt-msp430_21.6.1.LTS/lib/</path>
         <kind>archive</kind>
         <file>rts430x_lc_rd_eabi.lib</file>
         <name>int53.asm.obj</name>
      </input_file>
      <input_file id="fl-3b">
         <path>/Applications/ti/ccs1280/ccs/tools/compiler/ti-cgt-msp430_21.6.1.LTS/lib/</path>
         <kind>archive</kind>
         <file>rts430x_lc_rd_eabi.lib</file>
         <name>int54.asm.obj</name>
      </input_file>
      <input_file id="fl-3c">
         <path>/Applications/ti/ccs1280/ccs/tools/compiler/ti-cgt-msp430_21.6.1.LTS/lib/</path>
         <kind>archive</kind>
         <file>rts430x_lc_rd_eabi.lib</file>
         <name>int55.asm.obj</name>
      </input_file>
      <input_file id="fl-3d">
         <path>/Applications/ti/ccs1280/ccs/tools/compiler/ti-cgt-msp430_21.6.1.LTS/lib/</path>
         <kind>archive</kind>
         <file>rts430x_lc_rd_eabi.lib</file>
         <name>int56.asm.obj</name>
      </input_file>
      <input_file id="fl-3e">
         <path>/Applications/ti/ccs1280/ccs/tools/compiler/ti-cgt-msp430_21.6.1.LTS/lib/</path>
         <kind>archive</kind>
         <file>rts430x_lc_rd_eabi.lib</file>
         <name>int57.asm.obj</name>
      </input_file>
      <input_file id="fl-3f">
         <path>/Applications/ti/ccs1280/ccs/tools/compiler/ti-cgt-msp430_21.6.1.LTS/lib/</path>
         <kind>archive</kind>
         <file>rts430x_lc_rd_eabi.lib</file>
         <name>int58.asm.obj</name>
      </input_file>
      <input_file id="fl-40">
         <path>/Applications/ti/ccs1280/ccs/tools/compiler/ti-cgt-msp430_21.6.1.LTS/lib/</path>
         <kind>archive</kind>
         <file>rts430x_lc_rd_eabi.lib</file>
         <name>int59.asm.obj</name>
      </input_file>
      <input_file id="fl-41">
         <path>/Applications/ti/ccs1280/ccs/tools/compiler/ti-cgt-msp430_21.6.1.LTS/lib/</path>
         <kind>archive</kind>
         <file>rts430x_lc_rd_eabi.lib</file>
         <name>int60.asm.obj</name>
      </input_file>
      <input_file id="fl-42">
         <path>/Applications/ti/ccs1280/ccs/tools/compiler/ti-cgt-msp430_21.6.1.LTS/lib/</path>
         <kind>archive</kind>
         <file>rts430x_lc_rd_eabi.lib</file>
         <name>int61.asm.obj</name>
      </input_file>
      <input_file id="fl-43">
         <path>/Applications/ti/ccs1280/ccs/tools/compiler/ti-cgt-msp430_21.6.1.LTS/lib/</path>
         <kind>archive</kind>
         <file>rts430x_lc_rd_eabi.lib</file>
         <name>int62.asm.obj</name>
      </input_file>
      <input_file id="fl-44">
         <path>/Applications/ti/ccs1280/ccs/tools/compiler/ti-cgt-msp430_21.6.1.LTS/lib/</path>
         <kind>archive</kind>
         <file>rts430x_lc_rd_eabi.lib</file>
         <name>isr_trap.asm.obj</name>
      </input_file>
      <input_file id="fl-45">
         <path>/Applications/ti/ccs1280/ccs/tools/compiler/ti-cgt-msp430_21.6.1.LTS/lib/</path>
         <kind>archive</kind>
         <file>rts430x_lc_rd_eabi.lib</file>
         <name>mult16.asm.obj</name>
      </input_file>
      <input_file id="fl-46">
         <path>/Applications/ti/ccs1280/ccs/tools/compiler/ti-cgt-msp430_21.6.1.LTS/lib/</path>
         <kind>archive</kind>
         <file>rts430x_lc_rd_eabi.lib</file>
         <name>mult16_f5hw.asm.obj</name>
      </input_file>
      <input_file id="fl-47">
         <path>/Applications/ti/ccs1280/ccs/tools/compiler/ti-cgt-msp430_21.6.1.LTS/lib/</path>
         <kind>archive</kind>
         <file>rts430x_lc_rd_eabi.lib</file>
         <name>mult1632_f5hw.asm.obj</name>
      </input_file>
      <input_file id="fl-48">
         <path>/Applications/ti/ccs1280/ccs/tools/compiler/ti-cgt-msp430_21.6.1.LTS/lib/</path>
         <kind>archive</kind>
         <file>rts430x_lc_rd_eabi.lib</file>
         <name>mult32_f5hw.asm.obj</name>
      </input_file>
      <input_file id="fl-49">
         <path>/Applications/ti/ccs1280/ccs/tools/compiler/ti-cgt-msp430_21.6.1.LTS/lib/</path>
         <kind>archive</kind>
         <file>rts430x_lc_rd_eabi.lib</file>
         <name>mult3264_f5hw.asm.obj</name>
      </input_file>
      <input_file id="fl-4a">
         <path>/Applications/ti/ccs1280/ccs/tools/compiler/ti-cgt-msp430_21.6.1.LTS/lib/</path>
         <kind>archive</kind>
         <file>rts430x_lc_rd_eabi.lib</file>
         <name>mult64_f5hw.asm.obj</name>
      </input_file>
      <input_file id="fl-4b">
         <path>/Applications/ti/ccs1280/ccs/tools/compiler/ti-cgt-msp430_21.6.1.LTS/lib/</path>
         <kind>archive</kind>
         <file>rts430x_lc_rd_eabi.lib</file>
         <name>boot.c.obj</name>
      </input_file>
      <input_file id="fl-4c">
         <path>/Applications/ti/ccs1280/ccs/tools/compiler/ti-cgt-msp430_21.6.1.LTS/lib/</path>
         <kind>archive</kind>
         <file>rts430x_lc_rd_eabi.lib</file>
         <name>autoinit.c.obj</name>
      </input_file>
      <input_file id="fl-4d">
         <path>/Applications/ti/ccs1280/ccs/tools/compiler/ti-cgt-msp430_21.6.1.LTS/lib/</path>
         <kind>archive</kind>
         <file>rts430x_lc_rd_eabi.lib</file>
         <name>copy_zero_init.c.obj</name>
      </input_file>
      <input_file id="fl-4e">
         <path>/Applications/ti/ccs1280/ccs/tools/compiler/ti-cgt-msp430_21.6.1.LTS/lib/</path>
         <kind>archive</kind>
         <file>rts430x_lc_rd_eabi.lib</file>
         <name>exit_gvars.c.obj</name>
      </input_file>
      <input_file id="fl-4f">
         <path>/Applications/ti/ccs1280/ccs/tools/compiler/ti-cgt-msp430_21.6.1.LTS/lib/</path>
         <kind>archive</kind>
         <file>rts430x_lc_rd_eabi.lib</file>
         <name>cpy_tbl.c.obj</name>
      </input_file>
      <input_file id="fl-50">
         <path>/Applications/ti/ccs1280/ccs/tools/compiler/ti-cgt-msp430_21.6.1.LTS/lib/</path>
         <kind>archive</kind>
         <file>rts430x_lc_rd_eabi.lib</file>
         <name>mpu_init.c.obj</name>
      </input_file>
      <input_file id="fl-51">
         <path>/Applications/ti/ccs1280/ccs/tools/compiler/ti-cgt-msp430_21.6.1.LTS/lib/</path>
         <kind>archive</kind>
         <file>rts430x_lc_rd_eabi.lib</file>
         <name>lsr64.c.obj</name>
      </input_file>
      <input_file id="fl-52">
         <path>/Applications/ti/ccs1280/ccs/tools/compiler/ti-cgt-msp430_21.6.1.LTS/lib/</path>
         <kind>archive</kind>
         <file>rts430x_lc_rd_eabi.lib</file>
         <name>div64u.c.obj</name>
      </input_file>
      <input_file id="fl-53">
         <path>/Applications/ti/ccs1280/ccs/tools/compiler/ti-cgt-msp430_21.6.1.LTS/lib/</path>
         <kind>archive</kind>
         <file>rts430x_lc_rd_eabi.lib</file>
         <name>pre_init.c.obj</name>
      </input_file>
      <input_file id="fl-54">
         <path>/Applications/ti/ccs1280/ccs/tools/compiler/ti-cgt-msp430_21.6.1.LTS/lib/</path>
         <kind>archive</kind>
         <file>rts430x_lc_rd_eabi.lib</file>
         <name>startup.c.obj</name>
      </input_file>
      <input_file id="fl-55">
         <path>/Applications/ti/ccs1280/ccs/tools/compiler/ti-cgt-msp430_21.6.1.LTS/lib/</path>
         <kind>archive</kind>
         <file>rts430x_lc_rd_eabi.lib</file>
         <name>copy_decompress_none.c.obj</name>
      </input_file>
      <input_file id="fl-56">
         <path>/Applications/ti/ccs1280/ccs/tools/compiler/ti-cgt-msp430_21.6.1.LTS/lib/</path>
         <kind>archive</kind>
         <file>rts430x_lc_rd_eabi.lib</file>
         <name>copy_decompress_lzss.c.obj</name>
      </input_file>
      <input_file id="fl-57">
         <path>/Applications/ti/ccs1280/ccs/tools/compiler/ti-cgt-msp430_21.6.1.LTS/lib/</path>
         <kind>archive</kind>
         <file>rts430x_lc_rd_eabi.lib</file>
         <name>addd.c.obj</name>
      </input_file>
      <input_file id="fl-58">
         <path>/Applications/ti/ccs1280/ccs/tools/compiler/ti-cgt-msp430_21.6.1.LTS/lib/</path>
         <kind>archive</kind>
         <file>rts430x_lc_rd_eabi.lib</file>
         <name>cmpd.c.obj</name>
      </input_file>
      <input_file id="fl-59">
         <path>/Applications/ti/ccs1280/ccs/tools/compiler/ti-cgt-msp430_21.6.1.LTS/lib/</path>
         <kind>archive</kind>
         <file>rts430x_lc_rd_eabi.lib</file>
         <name>divd.c.obj</name>
      </input_file>
      <input_file id="fl-5a">
         <path>/Applications/ti/ccs1280/ccs/tools/compiler/ti-cgt-msp430_21.6.1.LTS/lib/</path>
         <kind>archive</kind>
         <file>rts430x_lc_rd_eabi.lib</file>
         <name>fixdi.c.obj</name>
      </input_file>
      <input_file id="fl-5b">
         <path>/Applications/ti/ccs1280/ccs/tools/compiler/ti-cgt-msp430_21.6.1.LTS/lib/</path>
         <kind>archive</kind>
         <file>rts430x_lc_rd_eabi.lib</file>
         <name>fixdli.c.obj</name>
      </input_file>
      <input_file id="fl-5c">
         <path>/Applications/ti/ccs1280/ccs/tools/compiler/ti-cgt-msp430_21.6.1.LTS/lib/</path>
         <kind>archive</kind>
         <file>rts430x_lc_rd_eabi.lib</file>
         <name>fltid.c.obj</name>
      </input_file>
      <input_file id="fl-5d">
         <path>/Applications/ti/ccs1280/ccs/tools/compiler/ti-cgt-msp430_21.6.1.LTS/lib/</path>
         <kind>archive</kind>
         <file>rts430x_lc_rd_eabi.lib</file>
         <name>fltlid.c.obj</name>
      </input_file>
      <input_file id="fl-5e">
         <path>/Applications/ti/ccs1280/ccs/tools/compiler/ti-cgt-msp430_21.6.1.LTS/lib/</path>
         <kind>archive</kind>
         <file>rts430x_lc_rd_eabi.lib</file>
         <name>frcdivd.c.obj</name>
      </input_file>
      <input_file id="fl-5f">
         <path>/Applications/ti/ccs1280/ccs/tools/compiler/ti-cgt-msp430_21.6.1.LTS/lib/</path>
         <kind>archive</kind>
         <file>rts430x_lc_rd_eabi.lib</file>
         <name>mpyd.c.obj</name>
      </input_file>
      <input_file id="fl-60">
         <path>/Applications/ti/ccs1280/ccs/tools/compiler/ti-cgt-msp430_21.6.1.LTS/lib/</path>
         <kind>archive</kind>
         <file>rts430x_lc_rd_eabi.lib</file>
         <name>negd.c.obj</name>
      </input_file>
      <input_file id="fl-61">
         <path>/Applications/ti/ccs1280/ccs/tools/compiler/ti-cgt-msp430_21.6.1.LTS/lib/</path>
         <kind>archive</kind>
         <file>rts430x_lc_rd_eabi.lib</file>
         <name>subd.c.obj</name>
      </input_file>
      <input_file id="fl-62">
         <path>/Applications/ti/ccs1280/ccs/tools/compiler/ti-cgt-msp430_21.6.1.LTS/lib/</path>
         <kind>archive</kind>
         <file>rts430x_lc_rd_eabi.lib</file>
         <name>exit.c.obj</name>
      </input_file>
      <input_file id="fl-63">
         <path>/Applications/ti/ccs1280/ccs/tools/compiler/ti-cgt-msp430_21.6.1.LTS/lib/</path>
         <kind>archive</kind>
         <file>rts430x_lc_rd_eabi.lib</file>
         <name>_lock.c.obj</name>
      </input_file>
      <input_file id="fl-64">
         <path>/Applications/ti/ccs1280/ccs/tools/compiler/ti-cgt-msp430_21.6.1.LTS/lib/</path>
         <kind>archive</kind>
         <file>rts430x_lc_rd_eabi.lib</file>
         <name>_ltoa.c.obj</name>
      </input_file>
      <input_file id="fl-65">
         <path>/Applications/ti/ccs1280/ccs/tools/compiler/ti-cgt-msp430_21.6.1.LTS/lib/</path>
         <kind>archive</kind>
         <file>rts430x_lc_rd_eabi.lib</file>
         <name>args_main.c.obj</name>
      </input_file>
      <input_file id="fl-66">
         <path>/Applications/ti/ccs1280/ccs/tools/compiler/ti-cgt-msp430_21.6.1.LTS/lib/</path>
         <kind>archive</kind>
         <file>rts430x_lc_rd_eabi.lib</file>
         <name>atoi.c.obj</name>
      </input_file>
      <input_file id="fl-67">
         <path>/Applications/ti/ccs1280/ccs/tools/compiler/ti-cgt-msp430_21.6.1.LTS/lib/</path>
         <kind>archive</kind>
         <file>rts430x_lc_rd_eabi.lib</file>
         <name>ctype.c.obj</name>
      </input_file>
      <input_file id="fl-68">
         <path>/Applications/ti/ccs1280/ccs/tools/compiler/ti-cgt-msp430_21.6.1.LTS/lib/</path>
         <kind>archive</kind>
         <file>rts430x_lc_rd_eabi.lib</file>
         <name>defs.c.obj</name>
      </input_file>
      <input_file id="fl-69">
         <path>/Applications/ti/ccs1280/ccs/tools/compiler/ti-cgt-msp430_21.6.1.LTS/lib/</path>
         <kind>archive</kind>
         <file>rts430x_lc_rd_eabi.lib</file>
         <name>memccpy.c.obj</name>
      </input_file>
      <input_file id="fl-6a">
         <path>/Applications/ti/ccs1280/ccs/tools/compiler/ti-cgt-msp430_21.6.1.LTS/lib/</path>
         <kind>archive</kind>
         <file>rts430x_lc_rd_eabi.lib</file>
         <name>memchr.c.obj</name>
      </input_file>
      <input_file id="fl-6b">
         <path>/Applications/ti/ccs1280/ccs/tools/compiler/ti-cgt-msp430_21.6.1.LTS/lib/</path>
         <kind>archive</kind>
         <file>rts430x_lc_rd_eabi.lib</file>
         <name>memcpy.c.obj</name>
      </input_file>
      <input_file id="fl-6c">
         <path>/Applications/ti/ccs1280/ccs/tools/compiler/ti-cgt-msp430_21.6.1.LTS/lib/</path>
         <kind>archive</kind>
         <file>rts430x_lc_rd_eabi.lib</file>
         <name>memory.c.obj</name>
      </input_file>
      <input_file id="fl-6d">
         <path>/Applications/ti/ccs1280/ccs/tools/compiler/ti-cgt-msp430_21.6.1.LTS/lib/</path>
         <kind>archive</kind>
         <file>rts430x_lc_rd_eabi.lib</file>
         <name>memset.c.obj</name>
      </input_file>
      <input_file id="fl-6e">
         <path>/Applications/ti/ccs1280/ccs/tools/compiler/ti-cgt-msp430_21.6.1.LTS/lib/</path>
         <kind>archive</kind>
         <file>rts430x_lc_rd_eabi.lib</file>
         <name>strchr.c.obj</name>
      </input_file>
      <input_file id="fl-6f">
         <path>/Applications/ti/ccs1280/ccs/tools/compiler/ti-cgt-msp430_21.6.1.LTS/lib/</path>
         <kind>archive</kind>
         <file>rts430x_lc_rd_eabi.lib</file>
         <name>strlen.c.obj</name>
      </input_file>
      <input_file id="fl-70">
         <path>/Applications/ti/ccs1280/ccs/tools/compiler/ti-cgt-msp430_21.6.1.LTS/lib/</path>
         <kind>archive</kind>
         <file>rts430x_lc_rd_eabi.lib</file>
         <name>toupper.c.obj</name>
      </input_file>
      <input_file id="fl-71">
         <path>/Applications/ti/ccs1280/ccs/tools/compiler/ti-cgt-msp430_21.6.1.LTS/lib/</path>
         <kind>archive</kind>
         <file>rts430x_lc_rd_eabi.lib</file>
         <name>abs.c.obj</name>
      </input_file>
      <input_file id="fl-72">
         <path>/Applications/ti/ccs1280/ccs/tools/compiler/ti-cgt-msp430_21.6.1.LTS/lib/</path>
         <kind>archive</kind>
         <file>rts430x_lc_rd_eabi.lib</file>
         <name>write.c.obj</name>
      </input_file>
      <input_file id="fl-73">
         <path>/Applications/ti/ccs1280/ccs/tools/compiler/ti-cgt-msp430_21.6.1.LTS/lib/</path>
         <kind>archive</kind>
         <file>rts430x_lc_rd_eabi.lib</file>
         <name>host_device.c.obj</name>
      </input_file>
      <input_file id="fl-74">
         <path>/Applications/ti/ccs1280/ccs/tools/compiler/ti-cgt-msp430_21.6.1.LTS/lib/</path>
         <kind>archive</kind>
         <file>rts430x_lc_rd_eabi.lib</file>
         <name>errno.c.obj</name>
      </input_file>
      <input_file id="fl-75">
         <path>/Applications/ti/ccs1280/ccs/tools/compiler/ti-cgt-msp430_21.6.1.LTS/lib/</path>
         <kind>archive</kind>
         <file>rts430x_lc_rd_eabi.lib</file>
         <name>fflush.c.obj</name>
      </input_file>
      <input_file id="fl-76">
         <path>/Applications/ti/ccs1280/ccs/tools/compiler/ti-cgt-msp430_21.6.1.LTS/lib/</path>
         <kind>archive</kind>
         <file>rts430x_lc_rd_eabi.lib</file>
         <name>fopen.c.obj</name>
      </input_file>
      <input_file id="fl-77">
         <path>/Applications/ti/ccs1280/ccs/tools/compiler/ti-cgt-msp430_21.6.1.LTS/lib/</path>
         <kind>archive</kind>
         <file>rts430x_lc_rd_eabi.lib</file>
         <name>fseek.c.obj</name>
      </input_file>
      <input_file id="fl-78">
         <path>/Applications/ti/ccs1280/ccs/tools/compiler/ti-cgt-msp430_21.6.1.LTS/lib/</path>
         <kind>archive</kind>
         <file>rts430x_lc_rd_eabi.lib</file>
         <name>asr32.asm.obj</name>
      </input_file>
      <input_file id="fl-79">
         <path>/Applications/ti/ccs1280/ccs/tools/compiler/ti-cgt-msp430_21.6.1.LTS/lib/</path>
         <kind>archive</kind>
         <file>rts430x_lc_rd_eabi.lib</file>
         <name>div32s.asm.obj</name>
      </input_file>
      <input_file id="fl-7a">
         <path>/Applications/ti/ccs1280/ccs/tools/compiler/ti-cgt-msp430_21.6.1.LTS/lib/</path>
         <kind>archive</kind>
         <file>rts430x_lc_rd_eabi.lib</file>
         <name>lsl32.asm.obj</name>
      </input_file>
      <input_file id="fl-7b">
         <path>/Applications/ti/ccs1280/ccs/tools/compiler/ti-cgt-msp430_21.6.1.LTS/lib/</path>
         <kind>archive</kind>
         <file>rts430x_lc_rd_eabi.lib</file>
         <name>lsr32.asm.obj</name>
      </input_file>
      <input_file id="fl-7c">
         <path>/Applications/ti/ccs1280/ccs/tools/compiler/ti-cgt-msp430_21.6.1.LTS/lib/</path>
         <kind>archive</kind>
         <file>rts430x_lc_rd_eabi.lib</file>
         <name>mult32.asm.obj</name>
      </input_file>
      <input_file id="fl-7d">
         <path>/Applications/ti/ccs1280/ccs/tools/compiler/ti-cgt-msp430_21.6.1.LTS/lib/</path>
         <kind>archive</kind>
         <file>rts430x_lc_rd_eabi.lib</file>
         <name>asr64.c.obj</name>
      </input_file>
      <input_file id="fl-7e">
         <path>/Applications/ti/ccs1280/ccs/tools/compiler/ti-cgt-msp430_21.6.1.LTS/lib/</path>
         <kind>archive</kind>
         <file>rts430x_lc_rd_eabi.lib</file>
         <name>lsl64.c.obj</name>
      </input_file>
      <input_file id="fl-7f">
         <path>/Applications/ti/ccs1280/ccs/tools/compiler/ti-cgt-msp430_21.6.1.LTS/lib/</path>
         <kind>archive</kind>
         <file>rts430x_lc_rd_eabi.lib</file>
         <name>frcmpyd.c.obj</name>
      </input_file>
      <input_file id="fl-80">
         <path>/Applications/ti/ccs1280/ccs/tools/compiler/ti-cgt-msp430_21.6.1.LTS/lib/</path>
         <kind>archive</kind>
         <file>rts430x_lc_rd_eabi.lib</file>
         <name>hostclose.c.obj</name>
      </input_file>
      <input_file id="fl-81">
         <path>/Applications/ti/ccs1280/ccs/tools/compiler/ti-cgt-msp430_21.6.1.LTS/lib/</path>
         <kind>archive</kind>
         <file>rts430x_lc_rd_eabi.lib</file>
         <name>hostlseek.c.obj</name>
      </input_file>
      <input_file id="fl-82">
         <path>/Applications/ti/ccs1280/ccs/tools/compiler/ti-cgt-msp430_21.6.1.LTS/lib/</path>
         <kind>archive</kind>
         <file>rts430x_lc_rd_eabi.lib</file>
         <name>hostopen.c.obj</name>
      </input_file>
      <input_file id="fl-83">
         <path>/Applications/ti/ccs1280/ccs/tools/compiler/ti-cgt-msp430_21.6.1.LTS/lib/</path>
         <kind>archive</kind>
         <file>rts430x_lc_rd_eabi.lib</file>
         <name>hostread.c.obj</name>
      </input_file>
      <input_file id="fl-84">
         <path>/Applications/ti/ccs1280/ccs/tools/compiler/ti-cgt-msp430_21.6.1.LTS/lib/</path>
         <kind>archive</kind>
         <file>rts430x_lc_rd_eabi.lib</file>
         <name>hostrename.c.obj</name>
      </input_file>
      <input_file id="fl-85">
         <path>/Applications/ti/ccs1280/ccs/tools/compiler/ti-cgt-msp430_21.6.1.LTS/lib/</path>
         <kind>archive</kind>
         <file>rts430x_lc_rd_eabi.lib</file>
         <name>hostunlink.c.obj</name>
      </input_file>
      <input_file id="fl-86">
         <path>/Applications/ti/ccs1280/ccs/tools/compiler/ti-cgt-msp430_21.6.1.LTS/lib/</path>
         <kind>archive</kind>
         <file>rts430x_lc_rd_eabi.lib</file>
         <name>hostwrite.c.obj</name>
      </input_file>
      <input_file id="fl-87">
         <path>/Applications/ti/ccs1280/ccs/tools/compiler/ti-cgt-msp430_21.6.1.LTS/lib/</path>
         <kind>archive</kind>
         <file>rts430x_lc_rd_eabi.lib</file>
         <name>trgmsg.c.obj</name>
      </input_file>
      <input_file id="fl-88">
         <path>/Applications/ti/ccs1280/ccs/tools/compiler/ti-cgt-msp430_21.6.1.LTS/lib/</path>
         <kind>archive</kind>
         <file>rts430x_lc_rd_eabi.lib</file>
         <name>open.c.obj</name>
      </input_file>
      <input_file id="fl-89">
         <path>/Applications/ti/ccs1280/ccs/tools/compiler/ti-cgt-msp430_21.6.1.LTS/lib/</path>
         <kind>archive</kind>
         <file>rts430x_lc_rd_eabi.lib</file>
         <name>lseek.c.obj</name>
      </input_file>
      <input_file id="fl-8a">
         <path>/Applications/ti/ccs1280/ccs/tools/compiler/ti-cgt-msp430_21.6.1.LTS/lib/</path>
         <kind>archive</kind>
         <file>rts430x_lc_rd_eabi.lib</file>
         <name>fclose.c.obj</name>
      </input_file>
      <input_file id="fl-8b">
         <path>/Applications/ti/ccs1280/ccs/tools/compiler/ti-cgt-msp430_21.6.1.LTS/lib/</path>
         <kind>archive</kind>
         <file>rts430x_lc_rd_eabi.lib</file>
         <name>getdevice.c.obj</name>
      </input_file>
      <input_file id="fl-8c">
         <path>/Applications/ti/ccs1280/ccs/tools/compiler/ti-cgt-msp430_21.6.1.LTS/lib/</path>
         <kind>archive</kind>
         <file>rts430x_lc_rd_eabi.lib</file>
         <name>div16s.asm.obj</name>
      </input_file>
      <input_file id="fl-8d">
         <path>/Applications/ti/ccs1280/ccs/tools/compiler/ti-cgt-msp430_21.6.1.LTS/lib/</path>
         <kind>archive</kind>
         <file>rts430x_lc_rd_eabi.lib</file>
         <name>mult3264.asm.obj</name>
      </input_file>
      <input_file id="fl-8e">
         <path>/Applications/ti/ccs1280/ccs/tools/compiler/ti-cgt-msp430_21.6.1.LTS/lib/</path>
         <kind>archive</kind>
         <file>rts430x_lc_rd_eabi.lib</file>
         <name>mult64.asm.obj</name>
      </input_file>
      <input_file id="fl-8f">
         <path>/Applications/ti/ccs1280/ccs/tools/compiler/ti-cgt-msp430_21.6.1.LTS/lib/</path>
         <kind>archive</kind>
         <file>rts430x_lc_rd_eabi.lib</file>
         <name>strcmp.c.obj</name>
      </input_file>
      <input_file id="fl-90">
         <path>/Applications/ti/ccs1280/ccs/tools/compiler/ti-cgt-msp430_21.6.1.LTS/lib/</path>
         <kind>archive</kind>
         <file>rts430x_lc_rd_eabi.lib</file>
         <name>strcpy.c.obj</name>
      </input_file>
      <input_file id="fl-91">
         <path>/Applications/ti/ccs1280/ccs/tools/compiler/ti-cgt-msp430_21.6.1.LTS/lib/</path>
         <kind>archive</kind>
         <file>rts430x_lc_rd_eabi.lib</file>
         <name>strncpy.c.obj</name>
      </input_file>
      <input_file id="fl-92">
         <path>/Applications/ti/ccs1280/ccs/tools/compiler/ti-cgt-msp430_21.6.1.LTS/lib/</path>
         <kind>archive</kind>
         <file>rts430x_lc_rd_eabi.lib</file>
         <name>remove.c.obj</name>
      </input_file>
      <input_file id="fl-93">
         <path>/Applications/ti/ccs1280/ccs/tools/compiler/ti-cgt-msp430_21.6.1.LTS/lib/</path>
         <kind>archive</kind>
         <file>rts430x_lc_rd_eabi.lib</file>
         <name>close.c.obj</name>
      </input_file>
      <input_file id="fl-94">
         <path>/Applications/ti/ccs1280/ccs/tools/compiler/ti-cgt-msp430_21.6.1.LTS/lib/</path>
         <kind>archive</kind>
         <file>rts430x_lc_rd_eabi.lib</file>
         <name>mult1632.asm.obj</name>
      </input_file>
      <input_file id="fl-95">
         <path>/Applications/ti/ccs1280/ccs/tools/compiler/ti-cgt-msp430_21.6.1.LTS/lib/</path>
         <kind>archive</kind>
         <file>rts430x_lc_rd_eabi.lib</file>
         <name>unlink.c.obj</name>
      </input_file>
   </input_file_list>
   <object_component_list>
      <object_component id="oc-758">
         <name>.bss</name>
         <uninitialized>true</uninitialized>
         <run_address>0x2888</run_address>
         <size>0x4</size>
         <input_file_ref idref="fl-6c"/>
      </object_component>
      <object_component id="oc-76d">
         <name>.common:__TI_tmpnams</name>
         <uninitialized>true</uninitialized>
         <run_address>0x27e0</run_address>
         <size>0xa0</size>
      </object_component>
      <object_component id="oc-778">
         <name>.common:parmbuf</name>
         <uninitialized>true</uninitialized>
         <run_address>0x2880</run_address>
         <size>0x8</size>
      </object_component>
      <object_component id="oc-488">
         <name>.data:__TI_cleanup_ptr</name>
         <load_address>0x257c</load_address>
         <run_address>0x257c</run_address>
         <size>0x4</size>
         <input_file_ref idref="fl-4e"/>
      </object_component>
      <object_component id="oc-485">
         <name>.data:__TI_dtors_ptr</name>
         <load_address>0x2580</load_address>
         <run_address>0x2580</run_address>
         <size>0x4</size>
         <input_file_ref idref="fl-4e"/>
      </object_component>
      <object_component id="oc-482">
         <name>.data</name>
         <load_address>0x2590</load_address>
         <run_address>0x2590</run_address>
         <size>0x2</size>
         <input_file_ref idref="fl-62"/>
      </object_component>
      <object_component id="oc-469">
         <name>.data:_lock</name>
         <load_address>0x2584</load_address>
         <run_address>0x2584</run_address>
         <size>0x4</size>
         <input_file_ref idref="fl-63"/>
      </object_component>
      <object_component id="oc-47c">
         <name>.data:_unlock</name>
         <load_address>0x2588</load_address>
         <run_address>0x2588</run_address>
         <size>0x4</size>
         <input_file_ref idref="fl-63"/>
      </object_component>
      <object_component id="oc-46c">
         <name>.data:_ftable</name>
         <load_address>0x2400</load_address>
         <run_address>0x2400</run_address>
         <size>0xc8</size>
         <input_file_ref idref="fl-68"/>
      </object_component>
      <object_component id="oc-6b3">
         <name>.data</name>
         <load_address>0x258c</load_address>
         <run_address>0x258c</run_address>
         <size>0x2</size>
         <input_file_ref idref="fl-68"/>
      </object_component>
      <object_component id="oc-75d">
         <name>.data</name>
         <load_address>0x2592</load_address>
         <run_address>0x2592</run_address>
         <size>0x2</size>
         <input_file_ref idref="fl-6c"/>
      </object_component>
      <object_component id="oc-61b">
         <name>.data:_device</name>
         <load_address>0x24c8</load_address>
         <run_address>0x24c8</run_address>
         <size>0x78</size>
         <input_file_ref idref="fl-73"/>
      </object_component>
      <object_component id="oc-59a">
         <name>.data:_stream</name>
         <load_address>0x2540</load_address>
         <run_address>0x2540</run_address>
         <size>0x3c</size>
         <input_file_ref idref="fl-73"/>
      </object_component>
      <object_component id="oc-5d9">
         <name>.data</name>
         <load_address>0x258e</load_address>
         <run_address>0x258e</run_address>
         <size>0x2</size>
         <input_file_ref idref="fl-74"/>
      </object_component>
      <object_component id="oc-36f">
         <name>.sysmem</name>
         <uninitialized>true</uninitialized>
         <run_address>0x2594</run_address>
         <size>0x8</size>
         <input_file_ref idref="fl-6c"/>
      </object_component>
      <object_component id="oc-940">
         <name>.sysmem</name>
         <uninitialized>true</uninitialized>
         <run_address>0x2594</run_address>
         <size>0x0</size>
      </object_component>
      <object_component id="oc-36b">
         <name>.stack</name>
         <uninitialized>true</uninitialized>
         <run_address>0x42d4</run_address>
         <size>0x4</size>
         <input_file_ref idref="fl-4b"/>
      </object_component>
      <object_component id="oc-93f">
         <name>.stack</name>
         <uninitialized>true</uninitialized>
         <run_address>0x42d4</run_address>
         <size>0x0</size>
      </object_component>
      <object_component id="oc-845">
         <name>.text:__mspabi_addd</name>
         <load_address>0x10000</load_address>
         <run_address>0x10000</run_address>
         <size>0x72a</size>
         <input_file_ref idref="fl-57"/>
      </object_component>
      <object_component id="oc-7e8">
         <name>.text:__TI_frcdivd</name>
         <load_address>0x1072a</load_address>
         <run_address>0x1072a</run_address>
         <size>0x468</size>
         <input_file_ref idref="fl-5e"/>
      </object_component>
      <object_component id="oc-6f7">
         <name>.text:__mspabi_divull</name>
         <load_address>0x10b92</load_address>
         <run_address>0x10b92</run_address>
         <size>0x34e</size>
         <input_file_ref idref="fl-52"/>
      </object_component>
      <object_component id="oc-4d5">
         <name>.text:__TI_printfi:__TI_printfi</name>
         <load_address>0x10ee0</load_address>
         <run_address>0x10ee0</run_address>
         <size>0x2a6</size>
         <input_file_ref idref="fl-23"/>
      </object_component>
      <object_component id="oc-735">
         <name>.text:__mspabi_mpyd</name>
         <load_address>0x11186</load_address>
         <run_address>0x11186</run_address>
         <size>0x292</size>
         <input_file_ref idref="fl-5f"/>
      </object_component>
      <object_component id="oc-564">
         <name>.text:__TI_printfi:_setfield___TI_printfi</name>
         <load_address>0x11418</load_address>
         <run_address>0x11418</run_address>
         <size>0x27a</size>
         <input_file_ref idref="fl-23"/>
      </object_component>
      <object_component id="oc-5e4">
         <name>.text:_pproc_fgea</name>
         <load_address>0x11692</load_address>
         <run_address>0x11692</run_address>
         <size>0x268</size>
         <input_file_ref idref="fl-23"/>
      </object_component>
      <object_component id="oc-748">
         <name>.text:acvt</name>
         <load_address>0x118fa</load_address>
         <run_address>0x118fa</run_address>
         <size>0x224</size>
         <input_file_ref idref="fl-23"/>
      </object_component>
      <object_component id="oc-73b">
         <name>.text:__mspabi_divd</name>
         <load_address>0x11b1e</load_address>
         <run_address>0x11b1e</run_address>
         <size>0x21c</size>
         <input_file_ref idref="fl-59"/>
      </object_component>
      <object_component id="oc-657">
         <name>.text:__TI_printfi:_getarg_diouxp___TI_printfi</name>
         <load_address>0x11d3a</load_address>
         <run_address>0x11d3a</run_address>
         <size>0x206</size>
         <input_file_ref idref="fl-23"/>
      </object_component>
      <object_component id="oc-715">
         <name>.text:ecvt</name>
         <load_address>0x11f40</load_address>
         <run_address>0x11f40</run_address>
         <size>0x1e6</size>
         <input_file_ref idref="fl-23"/>
      </object_component>
      <object_component id="oc-728">
         <name>.text:fcvt</name>
         <load_address>0x12126</load_address>
         <run_address>0x12126</run_address>
         <size>0x1c8</size>
         <input_file_ref idref="fl-23"/>
      </object_component>
      <object_component id="oc-67c">
         <name>.text:_pconv_e</name>
         <load_address>0x122ee</load_address>
         <run_address>0x122ee</run_address>
         <size>0x1a2</size>
         <input_file_ref idref="fl-23"/>
      </object_component>
      <object_component id="oc-682">
         <name>.text:_pconv_a</name>
         <load_address>0x12490</load_address>
         <run_address>0x12490</run_address>
         <size>0x170</size>
         <input_file_ref idref="fl-23"/>
      </object_component>
      <object_component id="oc-7e0">
         <name>.text:__TI_frcmpyd</name>
         <load_address>0x12600</load_address>
         <run_address>0x12600</run_address>
         <size>0x164</size>
         <input_file_ref idref="fl-7f"/>
      </object_component>
      <object_component id="oc-7f7">
         <name>.text:scalbn</name>
         <load_address>0x12764</load_address>
         <run_address>0x12764</run_address>
         <size>0x15a</size>
         <input_file_ref idref="fl-29"/>
      </object_component>
      <object_component id="oc-5de">
         <name>.text:__TI_printfi:_pproc_diouxp___TI_printfi</name>
         <load_address>0x128be</load_address>
         <run_address>0x128be</run_address>
         <size>0x148</size>
         <input_file_ref idref="fl-23"/>
      </object_component>
      <object_component id="oc-65d">
         <name>.text:__TI_printfi:_ltostr___TI_printfi</name>
         <load_address>0x12a06</load_address>
         <run_address>0x12a06</run_address>
         <size>0x128</size>
         <input_file_ref idref="fl-23"/>
      </object_component>
      <object_component id="oc-6a6">
         <name>.text:aligned_alloc</name>
         <load_address>0x12b2e</load_address>
         <run_address>0x12b2e</run_address>
         <size>0x112</size>
         <input_file_ref idref="fl-6c"/>
      </object_component>
      <object_component id="oc-670">
         <name>.text:_pconv_g</name>
         <load_address>0x12c40</load_address>
         <run_address>0x12c40</run_address>
         <size>0xfc</size>
         <input_file_ref idref="fl-23"/>
      </object_component>
      <object_component id="oc-4bb">
         <name>.text:fputs</name>
         <load_address>0x12d3c</load_address>
         <run_address>0x12d3c</run_address>
         <size>0xf0</size>
         <input_file_ref idref="fl-25"/>
      </object_component>
      <object_component id="oc-55e">
         <name>.text:__TI_printfi:_pproc_fwp___TI_printfi</name>
         <load_address>0x12e2c</load_address>
         <run_address>0x12e2c</run_address>
         <size>0xea</size>
         <input_file_ref idref="fl-23"/>
      </object_component>
      <object_component id="oc-5fa">
         <name>.text:free</name>
         <load_address>0x12f16</load_address>
         <run_address>0x12f16</run_address>
         <size>0xe2</size>
         <input_file_ref idref="fl-6c"/>
      </object_component>
      <object_component id="oc-58c">
         <name>.text:setvbuf</name>
         <load_address>0x12ff8</load_address>
         <run_address>0x12ff8</run_address>
         <size>0xde</size>
         <input_file_ref idref="fl-27"/>
      </object_component>
      <object_component id="oc-688">
         <name>.text:__mspabi_cmpd</name>
         <load_address>0x130d6</load_address>
         <run_address>0x130d6</run_address>
         <size>0xd8</size>
         <input_file_ref idref="fl-58"/>
      </object_component>
      <object_component id="oc-570">
         <name>.text:__TI_printfi:_pproc_wstr___TI_printfi</name>
         <load_address>0x131ae</load_address>
         <run_address>0x131ae</run_address>
         <size>0xc8</size>
         <input_file_ref idref="fl-23"/>
      </object_component>
      <object_component id="oc-56a">
         <name>.text:__TI_printfi:_pproc_str___TI_printfi</name>
         <load_address>0x13276</load_address>
         <run_address>0x13276</run_address>
         <size>0xa6</size>
         <input_file_ref idref="fl-23"/>
      </object_component>
      <object_component id="oc-742">
         <name>.text:frexp</name>
         <load_address>0x1331c</load_address>
         <run_address>0x1331c</run_address>
         <size>0xa6</size>
         <input_file_ref idref="fl-28"/>
      </object_component>
      <object_component id="oc-7c3">
         <name>.text:__mspabi_fltlid</name>
         <load_address>0x133c2</load_address>
         <run_address>0x133c2</run_address>
         <size>0x9e</size>
         <input_file_ref idref="fl-5d"/>
      </object_component>
      <object_component id="oc-6d1">
         <name>.text:HOSTlseek</name>
         <load_address>0x13460</load_address>
         <run_address>0x13460</run_address>
         <size>0x9a</size>
         <input_file_ref idref="fl-81"/>
      </object_component>
      <object_component id="oc-71b">
         <name>.text:_ecpy</name>
         <load_address>0x134fa</load_address>
         <run_address>0x134fa</run_address>
         <size>0x90</size>
         <input_file_ref idref="fl-23"/>
      </object_component>
      <object_component id="oc-721">
         <name>.text:_mcpy</name>
         <load_address>0x1358a</load_address>
         <run_address>0x1358a</run_address>
         <size>0x90</size>
         <input_file_ref idref="fl-23"/>
      </object_component>
      <object_component id="oc-4c2">
         <name>.text:fputc</name>
         <load_address>0x1361a</load_address>
         <run_address>0x1361a</run_address>
         <size>0x90</size>
         <input_file_ref idref="fl-24"/>
      </object_component>
      <object_component id="oc-7bd">
         <name>.text:__TI_ltoa</name>
         <load_address>0x136aa</load_address>
         <run_address>0x136aa</run_address>
         <size>0x80</size>
         <input_file_ref idref="fl-64"/>
      </object_component>
      <object_component id="oc-510">
         <name>.text:__TI_wrt_ok</name>
         <load_address>0x1372a</load_address>
         <run_address>0x1372a</run_address>
         <size>0x7e</size>
         <input_file_ref idref="fl-26"/>
      </object_component>
      <object_component id="oc-676">
         <name>.text:_pconv_f</name>
         <load_address>0x137a8</load_address>
         <run_address>0x137a8</run_address>
         <size>0x78</size>
         <input_file_ref idref="fl-23"/>
      </object_component>
      <object_component id="oc-6d">
         <name>.text:decompress:lzss:__TI_decompress_lzss</name>
         <load_address>0x13820</load_address>
         <run_address>0x13820</run_address>
         <size>0x76</size>
         <input_file_ref idref="fl-56"/>
      </object_component>
      <object_component id="oc-6dd">
         <name>.text:HOSTrename</name>
         <load_address>0x13896</load_address>
         <run_address>0x13896</run_address>
         <size>0x74</size>
         <input_file_ref idref="fl-84"/>
      </object_component>
      <object_component id="oc-6ad">
         <name>.text:__TI_closefile</name>
         <load_address>0x1390a</load_address>
         <run_address>0x1390a</run_address>
         <size>0x74</size>
         <input_file_ref idref="fl-8a"/>
      </object_component>
      <object_component id="oc-760">
         <name>.text:split</name>
         <load_address>0x1397e</load_address>
         <run_address>0x1397e</run_address>
         <size>0x74</size>
         <input_file_ref idref="fl-6c"/>
      </object_component>
      <object_component id="oc-6b9">
         <name>.text:HOSTopen</name>
         <load_address>0x139f2</load_address>
         <run_address>0x139f2</run_address>
         <size>0x70</size>
         <input_file_ref idref="fl-82"/>
      </object_component>
      <object_component id="oc-6cb">
         <name>.text:HOSTwrite</name>
         <load_address>0x13a62</load_address>
         <run_address>0x13a62</run_address>
         <size>0x6c</size>
         <input_file_ref idref="fl-86"/>
      </object_component>
      <object_component id="oc-6c5">
         <name>.text:HOSTread</name>
         <load_address>0x13ace</load_address>
         <run_address>0x13ace</run_address>
         <size>0x6a</size>
         <input_file_ref idref="fl-83"/>
      </object_component>
      <object_component id="oc-586">
         <name>.text:fseeko</name>
         <load_address>0x13b38</load_address>
         <run_address>0x13b38</run_address>
         <size>0x6a</size>
         <input_file_ref idref="fl-77"/>
      </object_component>
      <object_component id="oc-7b7">
         <name>.text:__mspabi_fixdli</name>
         <load_address>0x13ba2</load_address>
         <run_address>0x13ba2</run_address>
         <size>0x66</size>
         <input_file_ref idref="fl-5b"/>
      </object_component>
      <object_component id="oc-522">
         <name>.text:__TI_doflush</name>
         <load_address>0x13c08</load_address>
         <run_address>0x13c08</run_address>
         <size>0x64</size>
         <input_file_ref idref="fl-75"/>
      </object_component>
      <object_component id="oc-5c4">
         <name>.text:atoi</name>
         <load_address>0x13c6c</load_address>
         <run_address>0x13c6c</run_address>
         <size>0x62</size>
         <input_file_ref idref="fl-66"/>
      </object_component>
      <object_component id="oc-84e">
         <name>.text:__mpyll</name>
         <load_address>0x13cce</load_address>
         <run_address>0x13cce</run_address>
         <size>0x5c</size>
         <input_file_ref idref="fl-4a"/>
      </object_component>
      <object_component id="oc-767">
         <name>.text:close</name>
         <load_address>0x13d2a</load_address>
         <run_address>0x13d2a</run_address>
         <size>0x5a</size>
         <input_file_ref idref="fl-93"/>
      </object_component>
      <object_component id="oc-811">
         <name>.text:getdevice</name>
         <load_address>0x13d84</load_address>
         <run_address>0x13d84</run_address>
         <size>0x5a</size>
         <input_file_ref idref="fl-8b"/>
      </object_component>
      <object_component id="oc-6fd">
         <name>.text</name>
         <load_address>0x13dde</load_address>
         <run_address>0x13dde</run_address>
         <size>0x58</size>
         <input_file_ref idref="fl-2d"/>
      </object_component>
      <object_component id="oc-44e">
         <name>.text:__TI_auto_init_nobinit_nopinit_hold_wdt:__TI_auto_init_nobinit_nopinit_hold_wdt</name>
         <load_address>0x13e36</load_address>
         <run_address>0x13e36</run_address>
         <size>0x54</size>
         <input_file_ref idref="fl-4c"/>
      </object_component>
      <object_component id="oc-6bf">
         <name>.text:HOSTclose</name>
         <load_address>0x13e8a</load_address>
         <run_address>0x13e8a</run_address>
         <size>0x4e</size>
         <input_file_ref idref="fl-80"/>
      </object_component>
      <object_component id="oc-72e">
         <name>.text:_fcpy</name>
         <load_address>0x13ed8</load_address>
         <run_address>0x13ed8</run_address>
         <size>0x4e</size>
         <input_file_ref idref="fl-23"/>
      </object_component>
      <object_component id="oc-430">
         <name>.text:exit</name>
         <load_address>0x13f26</load_address>
         <run_address>0x13f26</run_address>
         <size>0x4a</size>
         <input_file_ref idref="fl-62"/>
      </object_component>
      <object_component id="oc-423">
         <name>.text:printf</name>
         <load_address>0x13f70</load_address>
         <run_address>0x13f70</run_address>
         <size>0x4a</size>
         <input_file_ref idref="fl-22"/>
      </object_component>
      <object_component id="oc-6d7">
         <name>.text:HOSTunlink</name>
         <load_address>0x13fba</load_address>
         <run_address>0x13fba</run_address>
         <size>0x46</size>
         <input_file_ref idref="fl-85"/>
      </object_component>
      <object_component id="oc-89e">
         <name>.text:__mspabi_srall</name>
         <load_address>0x14000</load_address>
         <run_address>0x14000</run_address>
         <size>0x40</size>
         <input_file_ref idref="fl-7d"/>
      </object_component>
      <object_component id="oc-837">
         <name>.text</name>
         <load_address>0x14040</load_address>
         <run_address>0x14040</run_address>
         <size>0x40</size>
         <input_file_ref idref="fl-79"/>
      </object_component>
      <object_component id="oc-860">
         <name>.text:l_asr_const</name>
         <load_address>0x14080</load_address>
         <run_address>0x14080</run_address>
         <size>0x3e</size>
         <input_file_ref idref="fl-78"/>
      </object_component>
      <object_component id="oc-78e">
         <name>.text:l_lsl_const</name>
         <load_address>0x140be</load_address>
         <run_address>0x140be</run_address>
         <size>0x3e</size>
         <input_file_ref idref="fl-7a"/>
      </object_component>
      <object_component id="oc-83e">
         <name>.text:l_lsr_const</name>
         <load_address>0x140fc</load_address>
         <run_address>0x140fc</run_address>
         <size>0x3e</size>
         <input_file_ref idref="fl-7b"/>
      </object_component>
      <object_component id="oc-5ed">
         <name>.text:lseek</name>
         <load_address>0x1413a</load_address>
         <run_address>0x1413a</run_address>
         <size>0x3e</size>
         <input_file_ref idref="fl-89"/>
      </object_component>
      <object_component id="oc-3ee">
         <name>.text:main</name>
         <load_address>0x14178</load_address>
         <run_address>0x14178</run_address>
         <size>0x3e</size>
         <input_file_ref idref="fl-1"/>
      </object_component>
      <object_component id="oc-528">
         <name>.text:write</name>
         <load_address>0x141b6</load_address>
         <run_address>0x141b6</run_address>
         <size>0x3c</size>
         <input_file_ref idref="fl-72"/>
      </object_component>
      <object_component id="oc-7a6">
         <name>.text:__mspabi_sllll</name>
         <load_address>0x141f2</load_address>
         <run_address>0x141f2</run_address>
         <size>0x3a</size>
         <input_file_ref idref="fl-7e"/>
      </object_component>
      <object_component id="oc-702">
         <name>.text:__mspabi_srlll</name>
         <load_address>0x1422c</load_address>
         <run_address>0x1422c</run_address>
         <size>0x3a</size>
         <input_file_ref idref="fl-51"/>
      </object_component>
      <object_component id="oc-606">
         <name>.text:__TI_cleanup</name>
         <load_address>0x14266</load_address>
         <run_address>0x14266</run_address>
         <size>0x36</size>
         <input_file_ref idref="fl-76"/>
      </object_component>
      <object_component id="oc-77b">
         <name>.text:__TI_writemsg</name>
         <load_address>0x1429c</load_address>
         <run_address>0x1429c</run_address>
         <size>0x36</size>
         <input_file_ref idref="fl-87"/>
      </object_component>
      <object_component id="oc-781">
         <name>.text:__TI_readmsg</name>
         <load_address>0x142d2</load_address>
         <run_address>0x142d2</run_address>
         <size>0x32</size>
         <input_file_ref idref="fl-87"/>
      </object_component>
      <object_component id="oc-7c9">
         <name>.text:__mspabi_subd</name>
         <load_address>0x14304</load_address>
         <run_address>0x14304</run_address>
         <size>0x32</size>
         <input_file_ref idref="fl-61"/>
      </object_component>
      <object_component id="oc-87d">
         <name>.text:strncpy</name>
         <load_address>0x14336</load_address>
         <run_address>0x14336</run_address>
         <size>0x32</size>
         <input_file_ref idref="fl-91"/>
      </object_component>
      <object_component id="oc-76e">
         <name>.text:unlink</name>
         <load_address>0x14368</load_address>
         <run_address>0x14368</run_address>
         <size>0x30</size>
         <input_file_ref idref="fl-95"/>
      </object_component>
      <object_component id="oc-66a">
         <name>.text:__mspabi_negd</name>
         <load_address>0x14398</load_address>
         <run_address>0x14398</run_address>
         <size>0x2e</size>
         <input_file_ref idref="fl-60"/>
      </object_component>
      <object_component id="oc-870">
         <name>.text:copysign</name>
         <load_address>0x143c6</load_address>
         <run_address>0x143c6</run_address>
         <size>0x2e</size>
         <input_file_ref idref="fl-2a"/>
      </object_component>
      <object_component id="oc-883">
         <name>.text:finddevice</name>
         <load_address>0x143f4</load_address>
         <run_address>0x143f4</run_address>
         <size>0x2e</size>
         <input_file_ref idref="fl-8b"/>
      </object_component>
      <object_component id="oc-853">
         <name>.text:__mpyull</name>
         <load_address>0x14422</load_address>
         <run_address>0x14422</run_address>
         <size>0x2c</size>
         <input_file_ref idref="fl-49"/>
      </object_component>
      <object_component id="oc-69f">
         <name>.text:free_list_insert</name>
         <load_address>0x1444e</load_address>
         <run_address>0x1444e</run_address>
         <size>0x2c</size>
         <input_file_ref idref="fl-6c"/>
      </object_component>
      <object_component id="oc-699">
         <name>.text:free_list_remove</name>
         <load_address>0x1447a</load_address>
         <run_address>0x1447a</run_address>
         <size>0x2a</size>
         <input_file_ref idref="fl-6c"/>
      </object_component>
      <object_component id="oc-7cf">
         <name>.text:__mspabi_fixdi</name>
         <load_address>0x144a4</load_address>
         <run_address>0x144a4</run_address>
         <size>0x28</size>
         <input_file_ref idref="fl-5a"/>
      </object_component>
      <object_component id="oc-5b0">
         <name>.text:memccpy</name>
         <load_address>0x144cc</load_address>
         <run_address>0x144cc</run_address>
         <size>0x26</size>
         <input_file_ref idref="fl-69"/>
      </object_component>
      <object_component id="oc-38f">
         <name>.text:decompress:ZI:__TI_zero_init_nomemset:__TI_zero_init_nomemset</name>
         <load_address>0x144f2</load_address>
         <run_address>0x144f2</run_address>
         <size>0x24</size>
         <input_file_ref idref="fl-4d"/>
      </object_component>
      <object_component id="oc-85b">
         <name>.text</name>
         <load_address>0x14516</load_address>
         <run_address>0x14516</run_address>
         <size>0x24</size>
         <input_file_ref idref="fl-48"/>
      </object_component>
      <object_component id="oc-7fd">
         <name>.text:strchr</name>
         <load_address>0x1453a</load_address>
         <run_address>0x1453a</run_address>
         <size>0x1c</size>
         <input_file_ref idref="fl-6e"/>
      </object_component>
      <object_component id="oc-8b3">
         <name>.text:strcmp</name>
         <load_address>0x14556</load_address>
         <run_address>0x14556</run_address>
         <size>0x1c</size>
         <input_file_ref idref="fl-8f"/>
      </object_component>
      <object_component id="oc-4ff">
         <name>.text</name>
         <load_address>0x14572</load_address>
         <run_address>0x14572</run_address>
         <size>0x18</size>
         <input_file_ref idref="fl-46"/>
      </object_component>
      <object_component id="oc-693">
         <name>.text:heap_start</name>
         <load_address>0x1458a</load_address>
         <run_address>0x1458a</run_address>
         <size>0x16</size>
         <input_file_ref idref="fl-6c"/>
      </object_component>
      <object_component id="oc-51c">
         <name>.text:memchr</name>
         <load_address>0x145a0</load_address>
         <run_address>0x145a0</run_address>
         <size>0x16</size>
         <input_file_ref idref="fl-6a"/>
      </object_component>
      <object_component id="oc-5a3">
         <name>.text:memset</name>
         <load_address>0x145b6</load_address>
         <run_address>0x145b6</run_address>
         <size>0x16</size>
         <input_file_ref idref="fl-6d"/>
      </object_component>
      <object_component id="oc-62f">
         <name>.text</name>
         <load_address>0x145cc</load_address>
         <run_address>0x145cc</run_address>
         <size>0x16</size>
         <input_file_ref idref="fl-2c"/>
      </object_component>
      <object_component id="oc-5d3">
         <name>.text:wcslen</name>
         <load_address>0x145e2</load_address>
         <run_address>0x145e2</run_address>
         <size>0x16</size>
         <input_file_ref idref="fl-2b"/>
      </object_component>
      <object_component id="oc-37d">
         <name>.text:memcpy</name>
         <load_address>0x145f8</load_address>
         <run_address>0x145f8</run_address>
         <size>0x14</size>
         <input_file_ref idref="fl-6b"/>
      </object_component>
      <object_component id="oc-73">
         <name>.text:decompress:none:__TI_decompress_none</name>
         <load_address>0x1460c</load_address>
         <run_address>0x1460c</run_address>
         <size>0x12</size>
         <input_file_ref idref="fl-55"/>
      </object_component>
      <object_component id="oc-797">
         <name>.text:strcpy</name>
         <load_address>0x1461e</load_address>
         <run_address>0x1461e</run_address>
         <size>0x12</size>
         <input_file_ref idref="fl-90"/>
      </object_component>
      <object_component id="oc-664">
         <name>.text:toupper</name>
         <load_address>0x14630</load_address>
         <run_address>0x14630</run_address>
         <size>0x12</size>
         <input_file_ref idref="fl-70"/>
      </object_component>
      <object_component id="oc-7ac">
         <name>.text:l_lsr</name>
         <load_address>0x14642</load_address>
         <run_address>0x14642</run_address>
         <size>0x10</size>
         <input_file_ref idref="fl-7b"/>
      </object_component>
      <object_component id="oc-516">
         <name>.text:strlen</name>
         <load_address>0x14652</load_address>
         <run_address>0x14652</run_address>
         <size>0xe</size>
         <input_file_ref idref="fl-6f"/>
      </object_component>
      <object_component id="oc-803">
         <name>.text:__mspabi_fltid</name>
         <load_address>0x14660</load_address>
         <run_address>0x14660</run_address>
         <size>0xc</size>
         <input_file_ref idref="fl-5c"/>
      </object_component>
      <object_component id="oc-7d6">
         <name>.text:abs</name>
         <load_address>0x1466c</load_address>
         <run_address>0x1466c</run_address>
         <size>0xa</size>
         <input_file_ref idref="fl-71"/>
      </object_component>
      <object_component id="oc-600">
         <name>.text:malloc</name>
         <load_address>0x14676</load_address>
         <run_address>0x14676</run_address>
         <size>0x8</size>
         <input_file_ref idref="fl-6c"/>
      </object_component>
      <object_component id="oc-475">
         <name>.text:_outc</name>
         <load_address>0x1467e</load_address>
         <run_address>0x1467e</run_address>
         <size>0x6</size>
         <input_file_ref idref="fl-22"/>
      </object_component>
      <object_component id="oc-42a">
         <name>.text:abort</name>
         <load_address>0x14684</load_address>
         <run_address>0x14684</run_address>
         <size>0x6</size>
         <input_file_ref idref="fl-62"/>
      </object_component>
      <object_component id="oc-46f">
         <name>.text:_outs</name>
         <load_address>0x1468a</load_address>
         <run_address>0x1468a</run_address>
         <size>0x4</size>
         <input_file_ref idref="fl-22"/>
      </object_component>
      <object_component id="oc-3e8">
         <name>.text:_system_pre_init</name>
         <load_address>0x1468e</load_address>
         <run_address>0x1468e</run_address>
         <size>0x4</size>
         <input_file_ref idref="fl-53"/>
      </object_component>
      <object_component id="oc-4ae">
         <name>.text:_nop</name>
         <load_address>0x14692</load_address>
         <run_address>0x14692</run_address>
         <size>0x2</size>
         <input_file_ref idref="fl-63"/>
      </object_component>
      <object_component id="oc-48d">
         <name>.text:_system_post_cinit</name>
         <load_address>0x14694</load_address>
         <run_address>0x14694</run_address>
         <size>0x2</size>
         <input_file_ref idref="fl-54"/>
      </object_component>
      <object_component id="oc-3a1">
         <name>.text:_isr:_c_int00_noargs</name>
         <load_address>0x4400</load_address>
         <run_address>0x4400</run_address>
         <size>0x1c</size>
         <input_file_ref idref="fl-4b"/>
      </object_component>
      <object_component id="oc-38a">
         <name>.text:_isr:__TI_ISR_TRAP</name>
         <load_address>0x441c</load_address>
         <run_address>0x441c</run_address>
         <size>0x8</size>
         <input_file_ref idref="fl-44"/>
      </object_component>
      <object_component id="oc-93e">
         <name>.cinit..data.load</name>
         <load_address>0x45ea</load_address>
         <run_address>0x45ea</run_address>
         <size>0x57</size>
      </object_component>
      <object_component id="oc-93b">
         <name>__TI_handler_table</name>
         <load_address>0x4642</load_address>
         <run_address>0x4642</run_address>
         <size>0xc</size>
      </object_component>
      <object_component id="oc-93d">
         <name>.cinit..bss.load</name>
         <load_address>0x464e</load_address>
         <run_address>0x464e</run_address>
         <size>0x6</size>
      </object_component>
      <object_component id="oc-93c">
         <name>__TI_cinit_table</name>
         <load_address>0x4654</load_address>
         <run_address>0x4654</run_address>
         <size>0x10</size>
      </object_component>
      <object_component id="oc-63c">
         <name>.const:.string:_ctypes_</name>
         <load_address>0x4424</load_address>
         <run_address>0x4424</run_address>
         <size>0x101</size>
         <input_file_ref idref="fl-67"/>
      </object_component>
      <object_component id="oc-422">
         <name>.const:.string</name>
         <load_address>0x4526</load_address>
         <run_address>0x4526</run_address>
         <size>0x9e</size>
         <input_file_ref idref="fl-1"/>
      </object_component>
      <object_component id="oc-5a9">
         <name>.const:.string</name>
         <load_address>0x45c4</load_address>
         <run_address>0x45c4</run_address>
         <size>0x26</size>
         <input_file_ref idref="fl-23"/>
      </object_component>
      <object_component id="oc-81d">
         <name>.cio</name>
         <uninitialized>true</uninitialized>
         <run_address>0x26c0</run_address>
         <size>0x120</size>
         <input_file_ref idref="fl-87"/>
      </object_component>
      <object_component id="oc-8cb">
         <name>.binit</name>
         <load_address>0x4400</load_address>
         <run_address>0x4400</run_address>
         <size>0x0</size>
      </object_component>
      <object_component id="oc-79">
         <name>.int41</name>
         <load_address>0xffd2</load_address>
         <run_address>0xffd2</run_address>
         <size>0x2</size>
         <input_file_ref idref="fl-2e"/>
      </object_component>
      <object_component id="oc-7a">
         <name>.int42</name>
         <load_address>0xffd4</load_address>
         <run_address>0xffd4</run_address>
         <size>0x2</size>
         <input_file_ref idref="fl-2f"/>
      </object_component>
      <object_component id="oc-7b">
         <name>.int43</name>
         <load_address>0xffd6</load_address>
         <run_address>0xffd6</run_address>
         <size>0x2</size>
         <input_file_ref idref="fl-30"/>
      </object_component>
      <object_component id="oc-7c">
         <name>.int44</name>
         <load_address>0xffd8</load_address>
         <run_address>0xffd8</run_address>
         <size>0x2</size>
         <input_file_ref idref="fl-31"/>
      </object_component>
      <object_component id="oc-7d">
         <name>.int45</name>
         <load_address>0xffda</load_address>
         <run_address>0xffda</run_address>
         <size>0x2</size>
         <input_file_ref idref="fl-32"/>
      </object_component>
      <object_component id="oc-7e">
         <name>.int46</name>
         <load_address>0xffdc</load_address>
         <run_address>0xffdc</run_address>
         <size>0x2</size>
         <input_file_ref idref="fl-33"/>
      </object_component>
      <object_component id="oc-7f">
         <name>.int47</name>
         <load_address>0xffde</load_address>
         <run_address>0xffde</run_address>
         <size>0x2</size>
         <input_file_ref idref="fl-34"/>
      </object_component>
      <object_component id="oc-80">
         <name>.int48</name>
         <load_address>0xffe0</load_address>
         <run_address>0xffe0</run_address>
         <size>0x2</size>
         <input_file_ref idref="fl-35"/>
      </object_component>
      <object_component id="oc-81">
         <name>.int49</name>
         <load_address>0xffe2</load_address>
         <run_address>0xffe2</run_address>
         <size>0x2</size>
         <input_file_ref idref="fl-36"/>
      </object_component>
      <object_component id="oc-82">
         <name>.int50</name>
         <load_address>0xffe4</load_address>
         <run_address>0xffe4</run_address>
         <size>0x2</size>
         <input_file_ref idref="fl-37"/>
      </object_component>
      <object_component id="oc-83">
         <name>.int51</name>
         <load_address>0xffe6</load_address>
         <run_address>0xffe6</run_address>
         <size>0x2</size>
         <input_file_ref idref="fl-38"/>
      </object_component>
      <object_component id="oc-84">
         <name>.int52</name>
         <load_address>0xffe8</load_address>
         <run_address>0xffe8</run_address>
         <size>0x2</size>
         <input_file_ref idref="fl-39"/>
      </object_component>
      <object_component id="oc-85">
         <name>.int53</name>
         <load_address>0xffea</load_address>
         <run_address>0xffea</run_address>
         <size>0x2</size>
         <input_file_ref idref="fl-3a"/>
      </object_component>
      <object_component id="oc-86">
         <name>.int54</name>
         <load_address>0xffec</load_address>
         <run_address>0xffec</run_address>
         <size>0x2</size>
         <input_file_ref idref="fl-3b"/>
      </object_component>
      <object_component id="oc-87">
         <name>.int55</name>
         <load_address>0xffee</load_address>
         <run_address>0xffee</run_address>
         <size>0x2</size>
         <input_file_ref idref="fl-3c"/>
      </object_component>
      <object_component id="oc-88">
         <name>.int56</name>
         <load_address>0xfff0</load_address>
         <run_address>0xfff0</run_address>
         <size>0x2</size>
         <input_file_ref idref="fl-3d"/>
      </object_component>
      <object_component id="oc-89">
         <name>.int57</name>
         <load_address>0xfff2</load_address>
         <run_address>0xfff2</run_address>
         <size>0x2</size>
         <input_file_ref idref="fl-3e"/>
      </object_component>
      <object_component id="oc-8a">
         <name>.int58</name>
         <load_address>0xfff4</load_address>
         <run_address>0xfff4</run_address>
         <size>0x2</size>
         <input_file_ref idref="fl-3f"/>
      </object_component>
      <object_component id="oc-8b">
         <name>.int59</name>
         <load_address>0xfff6</load_address>
         <run_address>0xfff6</run_address>
         <size>0x2</size>
         <input_file_ref idref="fl-40"/>
      </object_component>
      <object_component id="oc-8c">
         <name>.int60</name>
         <load_address>0xfff8</load_address>
         <run_address>0xfff8</run_address>
         <size>0x2</size>
         <input_file_ref idref="fl-41"/>
      </object_component>
      <object_component id="oc-8d">
         <name>.int61</name>
         <load_address>0xfffa</load_address>
         <run_address>0xfffa</run_address>
         <size>0x2</size>
         <input_file_ref idref="fl-42"/>
      </object_component>
      <object_component id="oc-8e">
         <name>.int62</name>
         <load_address>0xfffc</load_address>
         <run_address>0xfffc</run_address>
         <size>0x2</size>
         <input_file_ref idref="fl-43"/>
      </object_component>
      <object_component id="oc-36e">
         <name>.reset</name>
         <load_address>0xfffe</load_address>
         <run_address>0xfffe</run_address>
         <size>0x2</size>
         <input_file_ref idref="fl-4b"/>
      </object_component>
      <object_component id="oc-3ef">
         <name>.debug_info</name>
         <load_address>0x0</load_address>
         <run_address>0x0</run_address>
         <size>0x11c</size>
         <input_file_ref idref="fl-1"/>
      </object_component>
      <object_component id="oc-378">
         <name>.debug_info</name>
         <load_address>0x11c</load_address>
         <run_address>0x11c</run_address>
         <size>0x84</size>
         <input_file_ref idref="fl-1"/>
      </object_component>
      <object_component id="oc-480">
         <name>.debug_info</name>
         <load_address>0x1a0</load_address>
         <run_address>0x1a0</run_address>
         <size>0x2d6</size>
         <input_file_ref idref="fl-22"/>
      </object_component>
      <object_component id="oc-476">
         <name>.debug_info</name>
         <load_address>0x476</load_address>
         <run_address>0x476</run_address>
         <size>0x162</size>
         <input_file_ref idref="fl-22"/>
      </object_component>
      <object_component id="oc-470">
         <name>.debug_info</name>
         <load_address>0x5d8</load_address>
         <run_address>0x5d8</run_address>
         <size>0x166</size>
         <input_file_ref idref="fl-22"/>
      </object_component>
      <object_component id="oc-424">
         <name>.debug_info</name>
         <load_address>0x73e</load_address>
         <run_address>0x73e</run_address>
         <size>0x184</size>
         <input_file_ref idref="fl-22"/>
      </object_component>
      <object_component id="oc-577">
         <name>.debug_info</name>
         <load_address>0x8c2</load_address>
         <run_address>0x8c2</run_address>
         <size>0x2c</size>
         <input_file_ref idref="fl-22"/>
      </object_component>
      <object_component id="oc-4e4">
         <name>.debug_info</name>
         <load_address>0x8ee</load_address>
         <run_address>0x8ee</run_address>
         <size>0x2c</size>
         <input_file_ref idref="fl-22"/>
      </object_component>
      <object_component id="oc-4df">
         <name>.debug_info</name>
         <load_address>0x91a</load_address>
         <run_address>0x91a</run_address>
         <size>0xb2</size>
         <input_file_ref idref="fl-22"/>
      </object_component>
      <object_component id="oc-53f">
         <name>.debug_info</name>
         <load_address>0x9cc</load_address>
         <run_address>0x9cc</run_address>
         <size>0x49d</size>
         <input_file_ref idref="fl-23"/>
      </object_component>
      <object_component id="oc-562">
         <name>.debug_info</name>
         <load_address>0xe69</load_address>
         <run_address>0xe69</run_address>
         <size>0x25a</size>
         <input_file_ref idref="fl-23"/>
      </object_component>
      <object_component id="oc-65b">
         <name>.debug_info</name>
         <load_address>0x10c3</load_address>
         <run_address>0x10c3</run_address>
         <size>0x1df</size>
         <input_file_ref idref="fl-23"/>
      </object_component>
      <object_component id="oc-661">
         <name>.debug_info</name>
         <load_address>0x12a2</load_address>
         <run_address>0x12a2</run_address>
         <size>0x2c9</size>
         <input_file_ref idref="fl-23"/>
      </object_component>
      <object_component id="oc-5e2">
         <name>.debug_info</name>
         <load_address>0x156b</load_address>
         <run_address>0x156b</run_address>
         <size>0x29c</size>
         <input_file_ref idref="fl-23"/>
      </object_component>
      <object_component id="oc-719">
         <name>.debug_info</name>
         <load_address>0x1807</load_address>
         <run_address>0x1807</run_address>
         <size>0x3e2</size>
         <input_file_ref idref="fl-23"/>
      </object_component>
      <object_component id="oc-71e">
         <name>.debug_info</name>
         <load_address>0x1be9</load_address>
         <run_address>0x1be9</run_address>
         <size>0x1dc</size>
         <input_file_ref idref="fl-23"/>
      </object_component>
      <object_component id="oc-724">
         <name>.debug_info</name>
         <load_address>0x1dc5</load_address>
         <run_address>0x1dc5</run_address>
         <size>0x227</size>
         <input_file_ref idref="fl-23"/>
      </object_component>
      <object_component id="oc-673">
         <name>.debug_info</name>
         <load_address>0x1fec</load_address>
         <run_address>0x1fec</run_address>
         <size>0x28a</size>
         <input_file_ref idref="fl-23"/>
      </object_component>
      <object_component id="oc-72b">
         <name>.debug_info</name>
         <load_address>0x2276</load_address>
         <run_address>0x2276</run_address>
         <size>0x3fe</size>
         <input_file_ref idref="fl-23"/>
      </object_component>
      <object_component id="oc-731">
         <name>.debug_info</name>
         <load_address>0x2674</load_address>
         <run_address>0x2674</run_address>
         <size>0x218</size>
         <input_file_ref idref="fl-23"/>
      </object_component>
      <object_component id="oc-679">
         <name>.debug_info</name>
         <load_address>0x288c</load_address>
         <run_address>0x288c</run_address>
         <size>0x24f</size>
         <input_file_ref idref="fl-23"/>
      </object_component>
      <object_component id="oc-67f">
         <name>.debug_info</name>
         <load_address>0x2adb</load_address>
         <run_address>0x2adb</run_address>
         <size>0x3a1</size>
         <input_file_ref idref="fl-23"/>
      </object_component>
      <object_component id="oc-74b">
         <name>.debug_info</name>
         <load_address>0x2e7c</load_address>
         <run_address>0x2e7c</run_address>
         <size>0x3e6</size>
         <input_file_ref idref="fl-23"/>
      </object_component>
      <object_component id="oc-685">
         <name>.debug_info</name>
         <load_address>0x3262</load_address>
         <run_address>0x3262</run_address>
         <size>0x29d</size>
         <input_file_ref idref="fl-23"/>
      </object_component>
      <object_component id="oc-5e7">
         <name>.debug_info</name>
         <load_address>0x34ff</load_address>
         <run_address>0x34ff</run_address>
         <size>0x3a7</size>
         <input_file_ref idref="fl-23"/>
      </object_component>
      <object_component id="oc-567">
         <name>.debug_info</name>
         <load_address>0x38a6</load_address>
         <run_address>0x38a6</run_address>
         <size>0x33e</size>
         <input_file_ref idref="fl-23"/>
      </object_component>
      <object_component id="oc-56d">
         <name>.debug_info</name>
         <load_address>0x3be4</load_address>
         <run_address>0x3be4</run_address>
         <size>0x293</size>
         <input_file_ref idref="fl-23"/>
      </object_component>
      <object_component id="oc-573">
         <name>.debug_info</name>
         <load_address>0x3e77</load_address>
         <run_address>0x3e77</run_address>
         <size>0x296</size>
         <input_file_ref idref="fl-23"/>
      </object_component>
      <object_component id="oc-4d9">
         <name>.debug_info</name>
         <load_address>0x410d</load_address>
         <run_address>0x410d</run_address>
         <size>0x36d</size>
         <input_file_ref idref="fl-23"/>
      </object_component>
      <object_component id="oc-540">
         <name>.debug_info</name>
         <load_address>0x447a</load_address>
         <run_address>0x447a</run_address>
         <size>0x86</size>
         <input_file_ref idref="fl-23"/>
      </object_component>
      <object_component id="oc-635">
         <name>.debug_info</name>
         <load_address>0x4500</load_address>
         <run_address>0x4500</run_address>
         <size>0xa1</size>
         <input_file_ref idref="fl-23"/>
      </object_component>
      <object_component id="oc-5bf">
         <name>.debug_info</name>
         <load_address>0x45a1</load_address>
         <run_address>0x45a1</run_address>
         <size>0x39</size>
         <input_file_ref idref="fl-23"/>
      </object_component>
      <object_component id="oc-5ba">
         <name>.debug_info</name>
         <load_address>0x45da</load_address>
         <run_address>0x45da</run_address>
         <size>0x2c</size>
         <input_file_ref idref="fl-23"/>
      </object_component>
      <object_component id="oc-79f">
         <name>.debug_info</name>
         <load_address>0x4606</load_address>
         <run_address>0x4606</run_address>
         <size>0x7a</size>
         <input_file_ref idref="fl-23"/>
      </object_component>
      <object_component id="oc-6ea">
         <name>.debug_info</name>
         <load_address>0x4680</load_address>
         <run_address>0x4680</run_address>
         <size>0x46</size>
         <input_file_ref idref="fl-23"/>
      </object_component>
      <object_component id="oc-531">
         <name>.debug_info</name>
[...]
      </symbol>
      <symbol id="sm-6e3">
         <name>__TI_zero_init_nomemset</name>
         <value>0x144f2</value>
         <object_component_ref idref="oc-38f"/>
      </symbol>
      <symbol id="sm-6f2">
         <name>__TI_dtors_ptr</name>
         <value>0x2580</value>
         <object_component_ref idref="oc-485"/>
      </symbol>
      <symbol id="sm-6f3">
         <name>__TI_cleanup_ptr</name>
         <value>0x257c</value>
         <object_component_ref idref="oc-488"/>
      </symbol>
      <symbol id="sm-702">
         <name>__mspabi_srlll</name>
         <value>0x1422c</value>
         <object_component_ref idref="oc-702"/>
      </symbol>
      <symbol id="sm-735">
         <name>__mspabi_divull</name>
         <value>0x10b92</value>
         <object_component_ref idref="oc-6f7"/>
      </symbol>
      <symbol id="sm-73e">
         <name>_system_pre_init</name>
         <value>0x1468e</value>
         <object_component_ref idref="oc-3e8"/>
      </symbol>
      <symbol id="sm-747">
         <name>_system_post_cinit</name>
         <value>0x14694</value>
         <object_component_ref idref="oc-48d"/>
      </symbol>
      <symbol id="sm-758">
         <name>__TI_decompress_none</name>
         <value>0x1460c</value>
         <object_component_ref idref="oc-73"/>
      </symbol>
      <symbol id="sm-77b">
         <name>__TI_decompress_lzss</name>
         <value>0x13820</value>
         <object_component_ref idref="oc-6d"/>
      </symbol>
      <symbol id="sm-7b5">
         <name>__mspabi_addd</name>
         <value>0x10000</value>
         <object_component_ref idref="oc-845"/>
      </symbol>
      <symbol id="sm-7d4">
         <name>__mspabi_cmpd</name>
         <value>0x130d6</value>
         <object_component_ref idref="oc-688"/>
      </symbol>
      <symbol id="sm-7f5">
         <name>__mspabi_divd</name>
         <value>0x11b1e</value>
         <object_component_ref idref="oc-73b"/>
      </symbol>
      <symbol id="sm-802">
         <name>__mspabi_fixdi</name>
         <value>0x144a4</value>
         <object_component_ref idref="oc-7cf"/>
      </symbol>
      <symbol id="sm-811">
         <name>__mspabi_fixdli</name>
         <value>0x13ba2</value>
         <object_component_ref idref="oc-7b7"/>
      </symbol>
      <symbol id="sm-81a">
         <name>__mspabi_fltid</name>
         <value>0x14660</value>
         <object_component_ref idref="oc-803"/>
      </symbol>
      <symbol id="sm-832">
         <name>__mspabi_fltlid</name>
         <value>0x133c2</value>
         <object_component_ref idref="oc-7c3"/>
      </symbol>
      <symbol id="sm-84d">
         <name>__TI_frcdivd</name>
         <value>0x1072a</value>
         <object_component_ref idref="oc-7e8"/>
      </symbol>
      <symbol id="sm-872">
         <name>__mspabi_mpyd</name>
         <value>0x11186</value>
         <object_component_ref idref="oc-735"/>
      </symbol>
      <symbol id="sm-87b">
         <name>__mspabi_negd</name>
         <value>0x14398</value>
         <object_component_ref idref="oc-66a"/>
      </symbol>
      <symbol id="sm-884">
         <name>__mspabi_subd</name>
         <value>0x14304</value>
         <object_component_ref idref="oc-7c9"/>
      </symbol>
      <symbol id="sm-8a1">
         <name>C$$EXIT</name>
         <value>0x14684</value>
         <object_component_ref idref="oc-42a"/>
      </symbol>
      <symbol id="sm-8a2">
         <name>abort</name>
         <value>0x14684</value>
         <object_component_ref idref="oc-42a"/>
      </symbol>
      <symbol id="sm-8a3">
         <name>__TI_enable_exit_profile_output</name>
         <value>0x2590</value>
         <object_component_ref idref="oc-482"/>
      </symbol>
      <symbol id="sm-8a4">
         <name>exit</name>
         <value>0x13f26</value>
         <object_component_ref idref="oc-430"/>
      </symbol>
      <symbol id="sm-8ba">
         <name>_nop</name>
         <value>0x14692</value>
         <object_component_ref idref="oc-4ae"/>
      </symbol>
      <symbol id="sm-8bb">
         <name>_lock</name>
         <value>0x2584</value>
         <object_component_ref idref="oc-469"/>
      </symbol>
      <symbol id="sm-8bc">
         <name>_unlock</name>
         <value>0x2588</value>
         <object_component_ref idref="oc-47c"/>
      </symbol>
      <symbol id="sm-8cb">
         <name>__TI_ltoa</name>
         <value>0x136aa</value>
         <object_component_ref idref="oc-7bd"/>
      </symbol>
      <symbol id="sm-8df">
         <name>atoi</name>
         <value>0x13c6c</value>
         <object_component_ref idref="oc-5c4"/>
      </symbol>
      <symbol id="sm-8e9">
         <name>_ctypes_</name>
         <value>0x4424</value>
         <object_component_ref idref="oc-63c"/>
      </symbol>
      <symbol id="sm-8f9">
         <name>__TI_tmpnams</name>
         <value>0x27e0</value>
      </symbol>
      <symbol id="sm-8fa">
         <name>_ftable</name>
         <value>0x2400</value>
         <object_component_ref idref="oc-46c"/>
      </symbol>
      <symbol id="sm-8fb">
         <name>__TI_ft_end</name>
         <value>0x258c</value>
         <object_component_ref idref="oc-6b3"/>
      </symbol>
      <symbol id="sm-90a">
         <name>memccpy</name>
         <value>0x144cc</value>
         <object_component_ref idref="oc-5b0"/>
      </symbol>
      <symbol id="sm-919">
         <name>memchr</name>
         <value>0x145a0</value>
         <object_component_ref idref="oc-51c"/>
      </symbol>
      <symbol id="sm-927">
         <name>memcpy</name>
         <value>0x145f8</value>
         <object_component_ref idref="oc-37d"/>
      </symbol>
      <symbol id="sm-9ac">
         <name>_sys_memory</name>
         <value>0x2594</value>
         <object_component_ref idref="oc-36f"/>
      </symbol>
      <symbol id="sm-9ad">
         <name>free</name>
         <value>0x12f16</value>
         <object_component_ref idref="oc-5fa"/>
      </symbol>
      <symbol id="sm-9ae">
         <name>memalign</name>
         <value>0x12b2e</value>
         <object_component_ref idref="oc-6a6"/>
      </symbol>
      <symbol id="sm-9af">
         <name>malloc</name>
         <value>0x14676</value>
         <object_component_ref idref="oc-600"/>
      </symbol>
      <symbol id="sm-9b0">
         <name>aligned_alloc</name>
         <value>0x12b2e</value>
         <object_component_ref idref="oc-6a6"/>
      </symbol>
      <symbol id="sm-9be">
         <name>memset</name>
         <value>0x145b6</value>
         <object_component_ref idref="oc-5a3"/>
      </symbol>
      <symbol id="sm-9cd">
         <name>strchr</name>
         <value>0x1453a</value>
         <object_component_ref idref="oc-7fd"/>
      </symbol>
      <symbol id="sm-9da">
         <name>strlen</name>
         <value>0x14652</value>
         <object_component_ref idref="oc-516"/>
      </symbol>
      <symbol id="sm-9e7">
         <name>toupper</name>
         <value>0x14630</value>
         <object_component_ref idref="oc-664"/>
      </symbol>
      <symbol id="sm-9f1">
         <name>abs</name>
         <value>0x1466c</value>
         <object_component_ref idref="oc-7d6"/>
      </symbol>
      <symbol id="sm-a09">
         <name>write</name>
         <value>0x141b6</value>
         <object_component_ref idref="oc-528"/>
      </symbol>
      <symbol id="sm-a18">
         <name>_stream</name>
         <value>0x2540</value>
         <object_component_ref idref="oc-59a"/>
      </symbol>
      <symbol id="sm-a19">
         <name>_device</name>
         <value>0x24c8</value>
         <object_component_ref idref="oc-61b"/>
      </symbol>
      <symbol id="sm-a20">
         <name>errno</name>
         <value>0x258e</value>
         <object_component_ref idref="oc-5d9"/>
      </symbol>
      <symbol id="sm-a31">
         <name>__TI_doflush</name>
         <value>0x13c08</value>
         <object_component_ref idref="oc-522"/>
      </symbol>
      <symbol id="sm-a3d">
         <name>__TI_cleanup</name>
         <value>0x14266</value>
         <object_component_ref idref="oc-606"/>
      </symbol>
      <symbol id="sm-a52">
         <name>fseeko</name>
         <value>0x13b38</value>
         <object_component_ref idref="oc-586"/>
      </symbol>
      <symbol id="sm-a53">
         <name>fseek</name>
         <value>0x13b38</value>
         <object_component_ref idref="oc-586"/>
      </symbol>
      <symbol id="sm-a5b">
         <name>__mspabi_sral_15</name>
         <value>0x14080</value>
         <object_component_ref idref="oc-860"/>
      </symbol>
      <symbol id="sm-a5c">
         <name>__mspabi_sral_14</name>
         <value>0x14084</value>
         <object_component_ref idref="oc-860"/>
      </symbol>
      <symbol id="sm-a5d">
         <name>__mspabi_sral_13</name>
         <value>0x14088</value>
         <object_component_ref idref="oc-860"/>
      </symbol>
      <symbol id="sm-a5e">
         <name>__mspabi_sral_12</name>
         <value>0x1408c</value>
         <object_component_ref idref="oc-860"/>
      </symbol>
      <symbol id="sm-a5f">
         <name>__mspabi_sral_11</name>
         <value>0x14090</value>
         <object_component_ref idref="oc-860"/>
      </symbol>
      <symbol id="sm-a60">
         <name>__mspabi_sral_10</name>
         <value>0x14094</value>
         <object_component_ref idref="oc-860"/>
      </symbol>
      <symbol id="sm-a61">
         <name>__mspabi_sral_8</name>
         <value>0x1409c</value>
         <object_component_ref idref="oc-860"/>
      </symbol>
      <symbol id="sm-a62">
         <name>__mspabi_sral_9</name>
         <value>0x14098</value>
         <object_component_ref idref="oc-860"/>
      </symbol>
      <symbol id="sm-a63">
         <name>__mspabi_sral_6</name>
         <value>0x140a4</value>
         <object_component_ref idref="oc-860"/>
      </symbol>
      <symbol id="sm-a64">
         <name>__mspabi_sral_7</name>
         <value>0x140a0</value>
         <object_component_ref idref="oc-860"/>
      </symbol>
      <symbol id="sm-a65">
         <name>__mspabi_sral_4</name>
         <value>0x140ac</value>
         <object_component_ref idref="oc-860"/>
      </symbol>
      <symbol id="sm-a66">
         <name>__mspabi_sral_5</name>
         <value>0x140a8</value>
         <object_component_ref idref="oc-860"/>
      </symbol>
      <symbol id="sm-a67">
         <name>__mspabi_sral_2</name>
         <value>0x140b4</value>
         <object_component_ref idref="oc-860"/>
      </symbol>
      <symbol id="sm-a68">
         <name>__mspabi_sral_3</name>
         <value>0x140b0</value>
         <object_component_ref idref="oc-860"/>
      </symbol>
      <symbol id="sm-a69">
         <name>__mspabi_sral_1</name>
         <value>0x140b8</value>
         <object_component_ref idref="oc-860"/>
      </symbol>
      <symbol id="sm-a75">
         <name>__mspabi_remli</name>
         <value>0x14040</value>
         <object_component_ref idref="oc-837"/>
      </symbol>
      <symbol id="sm-a76">
         <name>__mspabi_divli</name>
         <value>0x14040</value>
         <object_component_ref idref="oc-837"/>
      </symbol>
      <symbol id="sm-a7e">
         <name>__mspabi_slll_9</name>
         <value>0x140d6</value>
         <object_component_ref idref="oc-78e"/>
      </symbol>
      <symbol id="sm-a7f">
         <name>__mspabi_slll_8</name>
         <value>0x140da</value>
         <object_component_ref idref="oc-78e"/>
      </symbol>
      <symbol id="sm-a80">
         <name>__mspabi_slll_7</name>
         <value>0x140de</value>
         <object_component_ref idref="oc-78e"/>
      </symbol>
      <symbol id="sm-a81">
         <name>__mspabi_slll_6</name>
         <value>0x140e2</value>
         <object_component_ref idref="oc-78e"/>
      </symbol>
      <symbol id="sm-a82">
         <name>__mspabi_slll_5</name>
         <value>0x140e6</value>
         <object_component_ref idref="oc-78e"/>
      </symbol>
      <symbol id="sm-a83">
         <name>__mspabi_slll_4</name>
         <value>0x140ea</value>
         <object_component_ref idref="oc-78e"/>
      </symbol>
      <symbol id="sm-a84">
         <name>__mspabi_slll_3</name>
         <value>0x140ee</value>
         <object_component_ref idref="oc-78e"/>
      </symbol>
      <symbol id="sm-a85">
         <name>__mspabi_slll_2</name>
         <value>0x140f2</value>
         <object_component_ref idref="oc-78e"/>
      </symbol>
      <symbol id="sm-a86">
         <name>__mspabi_slll_1</name>
         <value>0x140f6</value>
         <object_component_ref idref="oc-78e"/>
      </symbol>
      <symbol id="sm-a87">
         <name>__mspabi_slll_15</name>
         <value>0x140be</value>
         <object_component_ref idref="oc-78e"/>
      </symbol>
      <symbol id="sm-a88">
         <name>__mspabi_slll_14</name>
         <value>0x140c2</value>
         <object_component_ref idref="oc-78e"/>
      </symbol>
      <symbol id="sm-a89">
         <name>__mspabi_slll_13</name>
         <value>0x140c6</value>
         <object_component_ref idref="oc-78e"/>
      </symbol>
      <symbol id="sm-a8a">
         <name>__mspabi_slll_12</name>
         <value>0x140ca</value>
         <object_component_ref idref="oc-78e"/>
      </symbol>
      <symbol id="sm-a8b">
         <name>__mspabi_slll_11</name>
         <value>0x140ce</value>
         <object_component_ref idref="oc-78e"/>
      </symbol>
      <symbol id="sm-a8c">
         <name>__mspabi_slll_10</name>
         <value>0x140d2</value>
         <object_component_ref idref="oc-78e"/>
      </symbol>
      <symbol id="sm-a9c">
         <name>__mspabi_srll_8</name>
         <value>0x14118</value>
         <object_component_ref idref="oc-83e"/>
      </symbol>
      <symbol id="sm-a9d">
         <name>__mspabi_srll_9</name>
         <value>0x14114</value>
         <object_component_ref idref="oc-83e"/>
      </symbol>
      <symbol id="sm-a9e">
         <name>__mspabi_srll_6</name>
         <value>0x14120</value>
         <object_component_ref idref="oc-83e"/>
      </symbol>
      <symbol id="sm-a9f">
         <name>__mspabi_srll_7</name>
         <value>0x1411c</value>
         <object_component_ref idref="oc-83e"/>
      </symbol>
      <symbol id="sm-aa0">
         <name>__mspabi_srll_4</name>
         <value>0x14128</value>
         <object_component_ref idref="oc-83e"/>
      </symbol>
      <symbol id="sm-aa1">
         <name>__mspabi_srll_5</name>
         <value>0x14124</value>
         <object_component_ref idref="oc-83e"/>
      </symbol>
      <symbol id="sm-aa2">
         <name>__mspabi_srll_2</name>
         <value>0x14130</value>
         <object_component_ref idref="oc-83e"/>
      </symbol>
      <symbol id="sm-aa3">
         <name>__mspabi_srll_3</name>
         <value>0x1412c</value>
         <object_component_ref idref="oc-83e"/>
      </symbol>
      <symbol id="sm-aa4">
         <name>__mspabi_srll_1</name>
         <value>0x14134</value>
         <object_component_ref idref="oc-83e"/>
      </symbol>
      <symbol id="sm-aa5">
         <name>__mspabi_srll_15</name>
         <value>0x140fc</value>
         <object_component_ref idref="oc-83e"/>
      </symbol>
      <symbol id="sm-aa6">
         <name>__mspabi_srll_14</name>
         <value>0x14100</value>
         <object_component_ref idref="oc-83e"/>
      </symbol>
      <symbol id="sm-aa7">
         <name>__mspabi_srll_13</name>
         <value>0x14104</value>
         <object_component_ref idref="oc-83e"/>
      </symbol>
      <symbol id="sm-aa8">
         <name>__mspabi_srll_12</name>
         <value>0x14108</value>
         <object_component_ref idref="oc-83e"/>
      </symbol>
      <symbol id="sm-aa9">
         <name>__mspabi_srll_11</name>
         <value>0x1410c</value>
         <object_component_ref idref="oc-83e"/>
      </symbol>
      <symbol id="sm-aaa">
         <name>__mspabi_srll_10</name>
         <value>0x14110</value>
         <object_component_ref idref="oc-83e"/>
      </symbol>
      <symbol id="sm-aab">
         <name>__mspabi_srll</name>
         <value>0x14642</value>
         <object_component_ref idref="oc-7ac"/>
      </symbol>
      <symbol id="sm-ab9">
         <name>__mspabi_srall</name>
         <value>0x14000</value>
         <object_component_ref idref="oc-89e"/>
      </symbol>
      <symbol id="sm-ac6">
         <name>__mspabi_sllll</name>
         <value>0x141f2</value>
         <object_component_ref idref="oc-7a6"/>
      </symbol>
      <symbol id="sm-ad1">
         <name>__TI_frcmpyd</name>
         <value>0x12600</value>
         <object_component_ref idref="oc-7e0"/>
      </symbol>
      <symbol id="sm-add">
         <name>HOSTclose</name>
         <value>0x13e8a</value>
         <object_component_ref idref="oc-6bf"/>
      </symbol>
      <symbol id="sm-ae9">
         <name>HOSTlseek</name>
         <value>0x13460</value>
         <object_component_ref idref="oc-6d1"/>
      </symbol>
      <symbol id="sm-af7">
         <name>parmbuf</name>
         <value>0x2880</value>
      </symbol>
      <symbol id="sm-af8">
         <name>HOSTopen</name>
         <value>0x139f2</value>
         <object_component_ref idref="oc-6b9"/>
      </symbol>
      <symbol id="sm-b05">
         <name>HOSTread</name>
         <value>0x13ace</value>
         <object_component_ref idref="oc-6c5"/>
      </symbol>
      <symbol id="sm-b11">
         <name>HOSTrename</name>
         <value>0x13896</value>
         <object_component_ref idref="oc-6dd"/>
      </symbol>
      <symbol id="sm-b1d">
         <name>HOSTunlink</name>
         <value>0x13fba</value>
         <object_component_ref idref="oc-6d7"/>
      </symbol>
      <symbol id="sm-b2a">
         <name>HOSTwrite</name>
         <value>0x13a62</value>
         <object_component_ref idref="oc-6cb"/>
      </symbol>
      <symbol id="sm-b48">
         <name>__TI_readmsg</name>
         <value>0x142d2</value>
         <object_component_ref idref="oc-781"/>
      </symbol>
      <symbol id="sm-b49">
         <name>C$$IO$$</name>
         <value>0x142ce</value>
         <object_component_ref idref="oc-77b"/>
      </symbol>
      <symbol id="sm-b4a">
         <name>_CIOBUF_</name>
         <value>0x26c0</value>
         <object_component_ref idref="oc-81d"/>
      </symbol>
      <symbol id="sm-b4b">
         <name>__TI_writemsg</name>
         <value>0x1429c</value>
         <object_component_ref idref="oc-77b"/>
      </symbol>
      <symbol id="sm-b5a">
         <name>lseek</name>
         <value>0x1413a</value>
         <object_component_ref idref="oc-5ed"/>
      </symbol>
      <symbol id="sm-b6b">
         <name>__TI_closefile</name>
         <value>0x1390a</value>
         <object_component_ref idref="oc-6ad"/>
      </symbol>
      <symbol id="sm-b8f">
         <name>finddevice</name>
         <value>0x143f4</value>
         <object_component_ref idref="oc-883"/>
      </symbol>
      <symbol id="sm-b90">
         <name>getdevice</name>
         <value>0x13d84</value>
         <object_component_ref idref="oc-811"/>
      </symbol>
      <symbol id="sm-ba1">
         <name>strcmp</name>
         <value>0x14556</value>
         <object_component_ref idref="oc-8b3"/>
      </symbol>
      <symbol id="sm-bae">
         <name>strcpy</name>
         <value>0x1461e</value>
         <object_component_ref idref="oc-797"/>
      </symbol>
      <symbol id="sm-bbe">
         <name>strncpy</name>
         <value>0x14336</value>
         <object_component_ref idref="oc-87d"/>
      </symbol>
      <symbol id="sm-bd1">
         <name>close</name>
         <value>0x13d2a</value>
         <object_component_ref idref="oc-767"/>
      </symbol>
      <symbol id="sm-bde">
         <name>unlink</name>
         <value>0x14368</value>
         <object_component_ref idref="oc-76e"/>
      </symbol>
      <symbol id="sm-be0">
         <name>remove</name>
         <value>0x14368</value>
      </symbol>
   </symbol_table>
   <title>Link successful</title>
</link_info>
